iot_flash_config.c:119:5:getInputString	32	static
iot_flash_config.c:256:5:checkWiFiCredentials	2120	static
iot_flash_config.c:327:5:updateWiFiCredentials	120	static
iot_flash_config.c:377:5:enterPemString	40	static
iot_flash_config.c:417:6:CaptureAndFlashPem	2104	static
iot_flash_config.c:569:5:checkTLSRootCA	0	static
iot_flash_config.c:583:5:checkTLSDeviceConfig	0	static
iot_flash_config.c:499:5:updateTLSCredentials	24	static
iot_flash_config.c:595:5:setIoTDeviceConfig	8	static
iot_flash_config.c:642:5:getIoTDeviceConfig	20	static
iot_flash_config.c:664:5:checkIoTDeviceConfig	0	static
iot_flash_config.c:678:5:getTLSKeys	32	static
