GenericMQTT.h:186:5:network_read	8	static
GenericMQTT.h:208:5:network_write	8	static
FIFO.h:60:7:crearNodo	8	static
FIFO.h:78:6:liberarNodo	0	static
FIFO.h:85:6:insertarFIFO	88	static
FIFO.h:120:11:obtenerDatoFIFO	8	static
FIFO.h:134:6:eliminarDatoFIFO	16	static
FIFO.h:149:5:estaFIFOvacia	0	static
Low_Power.h:80:7:hour_2_decimal	0	static
Low_Power.h:96:6:get_AmanecerAtardecer	40	static
Low_Power.h:165:6:get_PeriodoDia	40	static
Low_Power.h:352:6:entrar_LowPowerMode	96	static
Low_Power.h:404:6:salir_LowPowerMode	8	static
GenericMQTT.h:127:5:cloud_device_enter_credentials	448	static
GenericMQTT.h:225:5:stiot_publish	32	static
GenericMQTT.h:246:5:string_allocate_from_token	24	static
GenericMQTT.h:327:6:free_device_config	8	static
GenericMQTT.h:281:5:parse_and_fill_device_config	24	static
GenericMQTT.h:152:6:app_needs_device_keypair	16	static
mi_MEMS.h:258:7:get_DatosIMU	88	static
mi_MEMS.h:274:7:MotionFX_manager_init	16	static
mi_MEMS.h:324:6:MotionFX_manager_run	24	static
mi_MEMS.h:425:6:BSP_SENSOR_ACC_GetOrientation	0	static
mi_MEMS.h:437:6:BSP_SENSOR_GYR_GetOrientation	0	static
mi_MEMS.h:449:6:BSP_SENSOR_MAG_GetOrientation	0	static
mi_MEMS.h:462:7:DWT_Init	0	static
mi_MEMS.h:141:7:MX_MEMS_Init	24	static
mi_MEMS.h:474:7:DWT_Start	0	static
mi_MEMS.h:485:11:DWT_Stop	8	static
mi_MEMS.h:207:7:FX_Data_Handler	176	static
mi_MEMS.h:181:7:MX_MEMS_Process	56	static
mi_MEMS.h:504:7:MotionFX_LoadMagCalFromNVM	0	static
mi_MEMS.h:515:7:MotionFX_SaveMagCalInNVM	0	static
AppIoT_TFG_VIPV.c:320:6:hilo4_MEMS	64	static
AppIoT_TFG_VIPV.c:473:6:calcula_mediaVector	128	static
AppIoT_TFG_VIPV.c:652:6:mideRadiacion	64	static
AppIoT_TFG_VIPV.c:559:6:recabar_Datos	192	static
AppIoT_TFG_VIPV.c:214:6:hilo1_Lectura	8	static
AppIoT_TFG_VIPV.c:771:6:reconecta_WiFi	16	static
AppIoT_TFG_VIPV.c:798:6:imprimir_Dato	200	static
AppIoT_TFG_VIPV.c:349:6:publica_DatosThingSpeak.part.3	184	static
AppIoT_TFG_VIPV.c:349:6:publica_DatosThingSpeak	0	static
AppIoT_TFG_VIPV.c:281:6:hilo3_Reconexion	8	static
AppIoT_TFG_VIPV.c:232:6:hilo2_Publicacion	104	static
AppIoT_TFG_VIPV.c:129:6:bucle_Principal	8	static
AppIoT_TFG_VIPV.c:842:6:desconectaConexionMQTT	16	static
Low_Power.h:247:6:desinicializarPerifericos	24	static
Low_Power.h:202:6:entraSleepMode	16	static
AppIoT_TFG_VIPV.c:875:5:check_protocoloConexion	24	static
AppIoT_TFG_VIPV.c:935:6:inicia_ClienteMQTT	120	static
AppIoT_TFG_VIPV.c:991:6:inicializa_ConexionIoT	56	static
AppIoT_TFG_VIPV.c:1033:6:switch_Temporizadores	8	static
AppIoT_TFG_VIPV.c:62:6:aplicacion_ClienteMQTT_XCLD_IoT	16	static
AppIoT_TFG_VIPV.c:1062:6:HAL_LPTIM_CompareMatchCallback	0	static
AppIoT_TFG_VIPV.c:1095:6:HAL_TIM_PeriodElapsedCallback	8	static
