GenericMQTT.h:186:5:network_read	8	static
GenericMQTT.h:208:5:network_write	8	static
FIFO.h:60:7:crearNodo	8	static
FIFO.h:78:6:liberarNodo	0	static
FIFO.h:85:6:insertarFIFO	88	static
FIFO.h:120:11:obtenerDatoFIFO	8	static
FIFO.h:134:6:eliminarDatoFIFO	16	static
FIFO.h:149:5:estaFIFOvacia	0	static
Low_Power.h:81:7:hour_2_decimal	0	static
Low_Power.h:97:6:get_AmanecerAtardecer	40	static
Low_Power.h:166:6:get_PeriodoDia	40	static
Low_Power.h:353:6:entrar_LowPowerMode	96	static
Low_Power.h:405:6:salir_LowPowerMode	8	static
GenericMQTT.h:127:5:cloud_device_enter_credentials	448	static
GenericMQTT.h:225:5:stiot_publish	32	static
GenericMQTT.h:246:5:string_allocate_from_token	24	static
GenericMQTT.h:327:6:free_device_config	8	static
GenericMQTT.h:281:5:parse_and_fill_device_config	24	static
GenericMQTT.h:152:6:app_needs_device_keypair	16	static
mi_MEMS.h:257:7:get_DatosIMU	80	static
mi_MEMS.h:273:7:MotionFX_manager_init	16	static
mi_MEMS.h:323:6:MotionFX_manager_run	24	static
mi_MEMS.h:420:6:BSP_SENSOR_ACC_GetOrientation	0	static
mi_MEMS.h:432:6:BSP_SENSOR_GYR_GetOrientation	0	static
mi_MEMS.h:444:6:BSP_SENSOR_MAG_GetOrientation	0	static
mi_MEMS.h:457:7:DWT_Init	0	static
mi_MEMS.h:140:7:MX_MEMS_Init	24	static
mi_MEMS.h:469:7:DWT_Start	0	static
mi_MEMS.h:480:11:DWT_Stop	8	static
mi_MEMS.h:206:7:FX_Data_Handler	176	static
mi_MEMS.h:180:7:MX_MEMS_Process	56	static
mi_MEMS.h:499:7:MotionFX_LoadMagCalFromNVM	0	static
mi_MEMS.h:510:7:MotionFX_SaveMagCalInNVM	0	static
AppIoT_TFG_VIPV.c:442:6:calcula_mediaVector	128	static
AppIoT_TFG_VIPV.c:735:7:toma_datoADC	40	static
AppIoT_TFG_VIPV.c:621:6:mideRadiacion	40	static
AppIoT_TFG_VIPV.c:528:6:recabar_Datos	192	static
AppIoT_TFG_VIPV.c:759:6:reconecta_WiFi	16	static
AppIoT_TFG_VIPV.c:786:6:imprimir_Dato	200	static
AppIoT_TFG_VIPV.c:318:6:publica_DatosThingSpeak.part.3	184	static
AppIoT_TFG_VIPV.c:318:6:publica_DatosThingSpeak	0	static
AppIoT_TFG_VIPV.c:138:6:bucle_Lectura_Publicacion	128	static
AppIoT_TFG_VIPV.c:830:6:desconectaConexionMQTT	16	static
Low_Power.h:248:6:desinicializarPerifericos	24	static
Low_Power.h:203:6:entraSleepMode	16	static
AppIoT_TFG_VIPV.c:863:5:check_protocoloConexion	24	static
AppIoT_TFG_VIPV.c:923:6:inicia_ClienteMQTT	120	static
AppIoT_TFG_VIPV.c:979:6:inicializa_ConexionIoT	56	static
AppIoT_TFG_VIPV.c:60:6:aplicacion_ClienteMQTT_XCLD_IoT	16	static
AppIoT_TFG_VIPV.c:1028:6:HAL_LPTIM_CompareMatchCallback	0	static
AppIoT_TFG_VIPV.c:1061:6:HAL_TIM_PeriodElapsedCallback	0	static
