stm32l4xx_hal_msp.c:63:7:Periph_Config	144	static
stm32l4xx_hal_msp.c:110:6:HAL_MspInit	16	static
stm32l4xx_hal_msp.c:144:6:HAL_ADC_MspInit	48	static
stm32l4xx_hal_msp.c:195:6:HAL_ADC_MspDeInit	8	static
stm32l4xx_hal_msp.c:225:6:HAL_CRC_MspInit	8	static
stm32l4xx_hal_msp.c:247:6:HAL_CRC_MspDeInit	0	static
stm32l4xx_hal_msp.c:269:6:HAL_I2C_MspInit	40	static
stm32l4xx_hal_msp.c:305:6:HAL_I2C_MspDeInit	8	static
stm32l4xx_hal_msp.c:336:6:HAL_LPTIM_MspInit	16	static
stm32l4xx_hal_msp.c:375:6:HAL_LPTIM_MspDeInit	0	static
stm32l4xx_hal_msp.c:414:6:HAL_OPAMP_MspInit	40	static
stm32l4xx_hal_msp.c:454:6:HAL_OPAMP_MspDeInit	8	static
stm32l4xx_hal_msp.c:485:6:HAL_RNG_MspInit	8	static
stm32l4xx_hal_msp.c:507:6:HAL_RNG_MspDeInit	0	static
stm32l4xx_hal_msp.c:529:6:HAL_RTC_MspInit	8	static
stm32l4xx_hal_msp.c:554:6:HAL_RTC_MspDeInit	0	static
stm32l4xx_hal_msp.c:579:6:HAL_SPI_MspInit	40	static
stm32l4xx_hal_msp.c:619:6:HAL_SPI_MspDeInit	8	static
stm32l4xx_hal_msp.c:651:6:HAL_TIM_Base_MspInit	16	static
stm32l4xx_hal_msp.c:687:6:HAL_TIM_Base_MspDeInit	0	static
stm32l4xx_hal_msp.c:723:6:HAL_UART_MspInit	56	static
stm32l4xx_hal_msp.c:801:6:HAL_UART_MspDeInit	8	static
