FIFO.h:60:7:crearNodo	16	static
FIFO.h:78:6:liberarNodo	16	static
FIFO.h:85:6:insertarFIFO	104	static
FIFO.h:120:11:obtenerDatoFIFO	16	static
FIFO.h:134:6:eliminarDatoFIFO	24	static
FIFO.h:149:5:estaFIFOvacia	16	static
Low_Power.h:80:7:hour_2_decimal	16	static
Low_Power.h:96:6:get_AmanecerAtardecer	72	static
Low_Power.h:165:6:get_PeriodoDia	48	static
Low_Power.h:202:6:entraSleepMode	40	static
Low_Power.h:247:6:desinicializarPerifericos	8	static
Low_Power.h:352:6:entrar_LowPowerMode	96	static
Low_Power.h:404:6:salir_LowPowerMode	8	static
GenericMQTT.h:127:5:cloud_device_enter_credentials	456	static
GenericMQTT.h:152:6:app_needs_device_keypair	24	static
GenericMQTT.h:186:5:network_read	32	static
GenericMQTT.h:208:5:network_write	32	static
GenericMQTT.h:225:5:stiot_publish	48	static
GenericMQTT.h:246:5:string_allocate_from_token	40	static
GenericMQTT.h:281:5:parse_and_fill_device_config	24	static
GenericMQTT.h:327:6:free_device_config	16	static
mi_MEMS.h:142:7:MX_MEMS_Init	32	static
mi_MEMS.h:182:7:MX_MEMS_Process	56	static
mi_MEMS.h:208:7:FX_Data_Handler	192	static
mi_MEMS.h:259:7:get_DatosIMU	24	static
mi_MEMS.h:275:7:MotionFX_manager_init	8	static
mi_MEMS.h:325:6:MotionFX_manager_run	24	static
mi_MEMS.h:342:13:Accelero_Sensor_Handler	16	static
mi_MEMS.h:352:13:Gyro_Sensor_Handler	16	static
mi_MEMS.h:362:13:Magneto_Sensor_Handler	72	static
mi_MEMS.h:426:6:BSP_SENSOR_ACC_GetOrientation	16	static
mi_MEMS.h:438:6:BSP_SENSOR_GYR_GetOrientation	16	static
mi_MEMS.h:450:6:BSP_SENSOR_MAG_GetOrientation	16	static
mi_MEMS.h:463:7:DWT_Init	4	static
mi_MEMS.h:475:7:DWT_Start	4	static
mi_MEMS.h:486:11:DWT_Stop	16	static
mi_MEMS.h:505:7:MotionFX_LoadMagCalFromNVM	16	static
mi_MEMS.h:516:7:MotionFX_SaveMagCalInNVM	16	static
AppIoT_TFG_VIPV.c:62:6:aplicacion_ClienteMQTT_XCLD_IoT	16	static
AppIoT_TFG_VIPV.c:129:6:bucle_Principal	8	static
AppIoT_TFG_VIPV.c:214:6:hilo1_Lectura	8	static
AppIoT_TFG_VIPV.c:232:6:hilo2_Publicacion	96	static
AppIoT_TFG_VIPV.c:281:6:hilo3_Reconexion	8	static
AppIoT_TFG_VIPV.c:320:6:hilo4_MEMS	24	static
AppIoT_TFG_VIPV.c:346:6:publica_DatosThingSpeak	256	static
AppIoT_TFG_VIPV.c:470:6:calcula_mediaVector	120	static
AppIoT_TFG_VIPV.c:556:6:recabar_Datos	320	static
AppIoT_TFG_VIPV.c:652:6:mideRadiacion	72	static
AppIoT_TFG_VIPV.c:771:6:reconecta_WiFi	16	static
AppIoT_TFG_VIPV.c:798:6:imprimir_Dato	320	static
AppIoT_TFG_VIPV.c:844:6:desconectaConexionMQTT	16	static
AppIoT_TFG_VIPV.c:877:5:check_protocoloConexion	24	static
AppIoT_TFG_VIPV.c:937:6:inicia_ClienteMQTT	128	static
AppIoT_TFG_VIPV.c:993:6:inicializa_ConexionIoT	56	static
AppIoT_TFG_VIPV.c:1035:6:switch_Temporizadores	16	static
AppIoT_TFG_VIPV.c:1064:6:HAL_LPTIM_CompareMatchCallback	16	static
AppIoT_TFG_VIPV.c:1097:6:HAL_TIM_PeriodElapsedCallback	16	static
