main.c:117:5:main	8	static
main.c:217:6:SystemClock_Config	232	static
main.c:298:13:MX_ADC1_Init	48	static
main.c:370:13:MX_CRC_Init	8	static
main.c:401:13:MX_I2C2_Init	8	static
main.c:447:13:MX_LPTIM1_Init	8	static
main.c:482:13:MX_LPTIM2_Init	8	static
main.c:516:13:MX_OPAMP2_Init	8	static
main.c:558:13:MX_RNG_Init	8	static
main.c:584:13:MX_RTC_Init	32	static
main.c:653:13:MX_SPI3_Init	8	static
main.c:693:13:MX_TIM3_Init	40	static
main.c:747:13:MX_TIM6_Init	24	static
main.c:791:13:MX_UART4_Init	8	static
main.c:827:13:MX_USART1_UART_Init	8	static
main.c:860:13:MX_DMA_Init	16	static
main.c:882:13:MX_GPIO_Init	48	static
main.c:1066:6:HAL_ADC_Conv_CpltCallback	16	static
main.c:1088:1:__io_putchar	16	static
main.c:1104:1:__io_getchar	16	static
main.c:1122:6:HAL_UART_RxHalfCpltCallback	16	static
main.c:1136:6:HAL_UART_RxCpltCallback	16	static
main.c:1149:13:conexion_IoT	8	static
main.c:1157:13:Button_ISR	4	static
main.c:1165:9:Boton_GetNumPush	4	static
main.c:1183:6:HAL_GPIO_EXTI_Callback	16	static
main.c:1213:6:Error_Handler	8	static
