main.c:117:5:main	8	static
main.c:219:6:SystemClock_Config	232	static
main.c:300:13:MX_ADC1_Init	48	static
main.c:372:13:MX_CRC_Init	8	static
main.c:403:13:MX_I2C2_Init	8	static
main.c:449:13:MX_LPTIM1_Init	8	static
main.c:484:13:MX_LPTIM2_Init	8	static
main.c:518:13:MX_OPAMP2_Init	8	static
main.c:560:13:MX_RNG_Init	8	static
main.c:586:13:MX_RTC_Init	32	static
main.c:655:13:MX_SPI3_Init	8	static
main.c:695:13:MX_TIM3_Init	40	static
main.c:749:13:MX_TIM6_Init	24	static
main.c:793:13:MX_UART4_Init	8	static
main.c:829:13:MX_USART1_UART_Init	8	static
main.c:862:13:MX_DMA_Init	16	static
main.c:884:13:MX_GPIO_Init	48	static
main.c:1068:6:HAL_ADC_Conv_CpltCallback	16	static
main.c:1090:1:__io_putchar	16	static
main.c:1106:1:__io_getchar	16	static
main.c:1124:6:HAL_UART_RxHalfCpltCallback	16	static
main.c:1138:6:HAL_UART_RxCpltCallback	16	static
main.c:1151:13:conexion_IoT	8	static
main.c:1159:13:Button_ISR	4	static
main.c:1167:9:Boton_GetNumPush	4	static
main.c:1185:6:HAL_GPIO_EXTI_Callback	16	static
main.c:1215:6:Error_Handler	8	static
