stm32l4xx_it.c:76:6:NMI_Handler	4	static
stm32l4xx_it.c:89:6:HardFault_Handler	8	static
stm32l4xx_it.c:110:6:MemManage_Handler	4	static
stm32l4xx_it.c:125:6:BusFault_Handler	4	static
stm32l4xx_it.c:140:6:UsageFault_Handler	4	static
stm32l4xx_it.c:155:6:SVC_Handler	4	static
stm32l4xx_it.c:168:6:DebugMon_Handler	4	static
stm32l4xx_it.c:181:6:PendSV_Handler	4	static
stm32l4xx_it.c:194:6:SysTick_Handler	8	static
stm32l4xx_it.c:215:6:RTC_WKUP_IRQHandler	8	static
stm32l4xx_it.c:229:6:DMA1_Channel1_IRQHandler	8	static
stm32l4xx_it.c:243:6:EXTI9_5_IRQHandler	8	static
stm32l4xx_it.c:257:6:EXTI15_10_IRQHandler	8	static
stm32l4xx_it.c:274:6:SPI3_IRQHandler	8	static
stm32l4xx_it.c:288:6:TIM6_DAC_IRQHandler	8	static
stm32l4xx_it.c:302:6:DMA2_Channel5_IRQHandler	8	static
stm32l4xx_it.c:316:6:LPTIM1_IRQHandler	8	static
stm32l4xx_it.c:330:6:LPTIM2_IRQHandler	8	static
stm32l4xx_it.c:342:6:EXTI1_IRQHandler	8	static
