minmea.h:266:21:minmea_tocoord	0	static
minmea.c:89:20:minmea_isfield	8	static
minmea.c:20:12:hex2int	0	static
minmea.c:31:9:minmea_checksum	0	static
minmea.c:46:6:minmea_check	24	static
minmea.c:93:6:minmea_scan	68	static
minmea.c:340:6:minmea_talker_id	16	static
minmea.c:353:25:minmea_sentence_id	16	static
minmea.c:382:6:minmea_parse_rmc	80	static
minmea.c:412:6:minmea_parse_gga	80	static
minmea.c:440:6:minmea_parse_gsa	80	static
minmea.c:471:6:minmea_parse_gll	56	static
minmea.c:495:6:minmea_parse_gst	48	static
minmea.c:517:6:minmea_parse_gsv	88	static
minmea.c:556:6:minmea_parse_vtg	64	static
minmea.c:590:6:minmea_parse_zda	40	static
minmea.c:616:5:minmea_gettime	64	static
minmea.c:657:9:segmentarNMEA	56	static
minmea.c:754:6:decodificadorNMEA	912	static
