es_wifi_io.c:483:6:SPI_WIFI_DelayUs	32	static
es_wifi_io.c:346:5:wait_spi_tx_event	16	static
es_wifi_io.c:101:6:SPI_WIFI_MspInit	64	static
es_wifi_io.c:224:8:SPI_WIFI_ResetModule	32	static
es_wifi_io.c:173:8:SPI_WIFI_Init	16	static
es_wifi_io.c:260:8:SPI_WIFI_DeInit	8	static
es_wifi_io.c:365:9:SPI_WIFI_ReceiveData	40	static
es_wifi_io.c:424:9:SPI_WIFI_SendData	40	static
es_wifi_io.c:473:6:SPI_WIFI_Delay	0	static
es_wifi_io.c:515:6:HAL_SPI_RxCpltCallback	0	static
es_wifi_io.c:530:6:HAL_SPI_TxCpltCallback	0	static
es_wifi_io.c:545:9:SPI_WIFI_ISR	0	static
