Archive member included to satisfy reference by file (symbol)

../Middlewares/ST/STM32_MotionFX_Library/Lib\MotionFX_CM4F_wc32_ot.a(motion_fx.o)
                              Core/Src/AppIoT_TFG_VIPV.o (MotionFX_initialize)
c:/st/stm32cubeide_1.2.0/stm32cubeide/plugins/com.st.stm32cube.ide.mcu.externaltools.gnu-tools-for-stm32.7-2018-q2-update.win32_1.4.0.202007081208/tools/bin/../lib/gcc/arm-none-eabi/7.3.1/thumb/v7e-m/fpv4-sp/softfp\libgcc.a(_arm_addsubdf3.o)
                              Core/Src/AppIoT_TFG_VIPV.o (__aeabi_dsub)
c:/st/stm32cubeide_1.2.0/stm32cubeide/plugins/com.st.stm32cube.ide.mcu.externaltools.gnu-tools-for-stm32.7-2018-q2-update.win32_1.4.0.202007081208/tools/bin/../lib/gcc/arm-none-eabi/7.3.1/thumb/v7e-m/fpv4-sp/softfp\libgcc.a(_arm_muldivdf3.o)
                              B-L475E-IOT01_GenericMQTT/Middlewares/Third_Party/cJSON/cJSON.o (__aeabi_dmul)
c:/st/stm32cubeide_1.2.0/stm32cubeide/plugins/com.st.stm32cube.ide.mcu.externaltools.gnu-tools-for-stm32.7-2018-q2-update.win32_1.4.0.202007081208/tools/bin/../lib/gcc/arm-none-eabi/7.3.1/thumb/v7e-m/fpv4-sp/softfp\libgcc.a(_arm_cmpdf2.o)
                              B-L475E-IOT01_GenericMQTT/Middlewares/Third_Party/cJSON/cJSON.o (__aeabi_dcmpeq)
c:/st/stm32cubeide_1.2.0/stm32cubeide/plugins/com.st.stm32cube.ide.mcu.externaltools.gnu-tools-for-stm32.7-2018-q2-update.win32_1.4.0.202007081208/tools/bin/../lib/gcc/arm-none-eabi/7.3.1/thumb/v7e-m/fpv4-sp/softfp\libgcc.a(_arm_fixdfsi.o)
                              B-L475E-IOT01_GenericMQTT/Middlewares/Third_Party/cJSON/cJSON.o (__aeabi_d2iz)
c:/st/stm32cubeide_1.2.0/stm32cubeide/plugins/com.st.stm32cube.ide.mcu.externaltools.gnu-tools-for-stm32.7-2018-q2-update.win32_1.4.0.202007081208/tools/bin/../lib/gcc/arm-none-eabi/7.3.1/thumb/v7e-m/fpv4-sp/softfp\libgcc.a(_arm_truncdfsf2.o)
                              Core/Src/AppIoT_TFG_VIPV.o (__aeabi_d2f)
c:/st/stm32cubeide_1.2.0/stm32cubeide/plugins/com.st.stm32cube.ide.mcu.externaltools.gnu-tools-for-stm32.7-2018-q2-update.win32_1.4.0.202007081208/tools/bin/../lib/gcc/arm-none-eabi/7.3.1/thumb/v7e-m/fpv4-sp/softfp\libgcc.a(_arm_addsubsf3.o)
                              Core/Src/AppIoT_TFG_VIPV.o (__aeabi_ul2f)
c:/st/stm32cubeide_1.2.0/stm32cubeide/plugins/com.st.stm32cube.ide.mcu.externaltools.gnu-tools-for-stm32.7-2018-q2-update.win32_1.4.0.202007081208/tools/bin/../lib/gcc/arm-none-eabi/7.3.1/thumb/v7e-m/fpv4-sp/softfp\libgcc.a(_aeabi_ldivmod.o)
                              Drivers/STM32L4xx_HAL_Driver/Src/stm32l4xx_hal_uart.o (__aeabi_ldivmod)
c:/st/stm32cubeide_1.2.0/stm32cubeide/plugins/com.st.stm32cube.ide.mcu.externaltools.gnu-tools-for-stm32.7-2018-q2-update.win32_1.4.0.202007081208/tools/bin/../lib/gcc/arm-none-eabi/7.3.1/thumb/v7e-m/fpv4-sp/softfp\libgcc.a(_aeabi_uldivmod.o)
                              B-L475E-IOT01_GenericMQTT/Middlewares/Third_Party/MbedTLS/bignum.o (__aeabi_uldivmod)
c:/st/stm32cubeide_1.2.0/stm32cubeide/plugins/com.st.stm32cube.ide.mcu.externaltools.gnu-tools-for-stm32.7-2018-q2-update.win32_1.4.0.202007081208/tools/bin/../lib/gcc/arm-none-eabi/7.3.1/thumb/v7e-m/fpv4-sp/softfp\libgcc.a(_udivmoddi4.o)
                              c:/st/stm32cubeide_1.2.0/stm32cubeide/plugins/com.st.stm32cube.ide.mcu.externaltools.gnu-tools-for-stm32.7-2018-q2-update.win32_1.4.0.202007081208/tools/bin/../lib/gcc/arm-none-eabi/7.3.1/thumb/v7e-m/fpv4-sp/softfp\libgcc.a(_aeabi_ldivmod.o) (__udivmoddi4)
c:/st/stm32cubeide_1.2.0/stm32cubeide/plugins/com.st.stm32cube.ide.mcu.externaltools.gnu-tools-for-stm32.7-2018-q2-update.win32_1.4.0.202007081208/tools/bin/../lib/gcc/arm-none-eabi/7.3.1/thumb/v7e-m/fpv4-sp/softfp\libgcc.a(_dvmd_tls.o)
                              c:/st/stm32cubeide_1.2.0/stm32cubeide/plugins/com.st.stm32cube.ide.mcu.externaltools.gnu-tools-for-stm32.7-2018-q2-update.win32_1.4.0.202007081208/tools/bin/../lib/gcc/arm-none-eabi/7.3.1/thumb/v7e-m/fpv4-sp/softfp\libgcc.a(_aeabi_ldivmod.o) (__aeabi_ldiv0)
c:/st/stm32cubeide_1.2.0/stm32cubeide/plugins/com.st.stm32cube.ide.mcu.externaltools.gnu-tools-for-stm32.7-2018-q2-update.win32_1.4.0.202007081208/tools/bin/../lib/gcc/arm-none-eabi/7.3.1/../../../../arm-none-eabi/lib/thumb/v7e-m/fpv4-sp/softfp\libc_nano.a(lib_a-atoi.o)
                              B-L475E-IOT01_GenericMQTT/Application/Common/http_util.o (atoi)
c:/st/stm32cubeide_1.2.0/stm32cubeide/plugins/com.st.stm32cube.ide.mcu.externaltools.gnu-tools-for-stm32.7-2018-q2-update.win32_1.4.0.202007081208/tools/bin/../lib/gcc/arm-none-eabi/7.3.1/../../../../arm-none-eabi/lib/thumb/v7e-m/fpv4-sp/softfp\libc_nano.a(lib_a-calloc.o)
                              B-L475E-IOT01_GenericMQTT/Application/Common/net_tls_mbedtls.o (calloc)
c:/st/stm32cubeide_1.2.0/stm32cubeide/plugins/com.st.stm32cube.ide.mcu.externaltools.gnu-tools-for-stm32.7-2018-q2-update.win32_1.4.0.202007081208/tools/bin/../lib/gcc/arm-none-eabi/7.3.1/../../../../arm-none-eabi/lib/thumb/v7e-m/fpv4-sp/softfp\libc_nano.a(lib_a-errno.o)
[...]
Memory Configuration

Name             Origin             Length             Attributes
RAM              0x0000000020000000 0x0000000000018000 xrw
RAM2             0x0000000010000000 0x0000000000008000 xrw
FLASH            0x0000000008000000 0x0000000000100000 xr
*default*        0x0000000000000000 0xffffffffffffffff

Linker script and memory map

LOAD c:/st/stm32cubeide_1.2.0/stm32cubeide/plugins/com.st.stm32cube.ide.mcu.externaltools.gnu-tools-for-stm32.7-2018-q2-update.win32_1.4.0.202007081208/tools/bin/../lib/gcc/arm-none-eabi/7.3.1/thumb/v7e-m/fpv4-sp/softfp/crti.o
LOAD c:/st/stm32cubeide_1.2.0/stm32cubeide/plugins/com.st.stm32cube.ide.mcu.externaltools.gnu-tools-for-stm32.7-2018-q2-update.win32_1.4.0.202007081208/tools/bin/../lib/gcc/arm-none-eabi/7.3.1/thumb/v7e-m/fpv4-sp/softfp/crtbegin.o
LOAD c:/st/stm32cubeide_1.2.0/stm32cubeide/plugins/com.st.stm32cube.ide.mcu.externaltools.gnu-tools-for-stm32.7-2018-q2-update.win32_1.4.0.202007081208/tools/bin/../lib/gcc/arm-none-eabi/7.3.1/../../../../arm-none-eabi/lib/thumb/v7e-m/fpv4-sp/softfp/crt0.o
LOAD B-L475E-IOT01_GenericMQTT/Application/Common/STM32CubeRTCInterface.o
LOAD B-L475E-IOT01_GenericMQTT/Application/Common/cloud.o
LOAD B-L475E-IOT01_GenericMQTT/Application/Common/entropy_hardware_poll.o
LOAD B-L475E-IOT01_GenericMQTT/Application/Common/flash_l4.o
LOAD B-L475E-IOT01_GenericMQTT/Application/Common/heap.o
LOAD B-L475E-IOT01_GenericMQTT/Application/Common/http_util.o
LOAD B-L475E-IOT01_GenericMQTT/Application/Common/iot_flash_config.o
LOAD B-L475E-IOT01_GenericMQTT/Application/Common/mbedtls_net.o
LOAD B-L475E-IOT01_GenericMQTT/Application/Common/net.o
LOAD B-L475E-IOT01_GenericMQTT/Application/Common/net_tcp_wifi.o
LOAD B-L475E-IOT01_GenericMQTT/Application/Common/net_tls_mbedtls.o
LOAD B-L475E-IOT01_GenericMQTT/Application/Common/paho_timer.o
LOAD B-L475E-IOT01_GenericMQTT/Application/Common/rfu.o
LOAD B-L475E-IOT01_GenericMQTT/Application/Common/sensors_data.o
LOAD B-L475E-IOT01_GenericMQTT/Application/Common/timedate.o
LOAD B-L475E-IOT01_GenericMQTT/Application/Common/timingSystem.o
LOAD B-L475E-IOT01_GenericMQTT/Application/Common/wifi_net.o
LOAD B-L475E-IOT01_GenericMQTT/Application/Wifi/es_wifi_io.o
LOAD B-L475E-IOT01_GenericMQTT/Application/Wifi/wifi.o
LOAD B-L475E-IOT01_GenericMQTT/Drivers/BSP/B-L475E-IOT01/stm32l475e_iot01.o
LOAD B-L475E-IOT01_GenericMQTT/Drivers/BSP/B-L475E-IOT01/stm32l475e_iot01_accelero.o
LOAD B-L475E-IOT01_GenericMQTT/Drivers/BSP/B-L475E-IOT01/stm32l475e_iot01_gyro.o
LOAD B-L475E-IOT01_GenericMQTT/Drivers/BSP/B-L475E-IOT01/stm32l475e_iot01_hsensor.o
LOAD B-L475E-IOT01_GenericMQTT/Drivers/BSP/B-L475E-IOT01/stm32l475e_iot01_magneto.o
LOAD B-L475E-IOT01_GenericMQTT/Drivers/BSP/B-L475E-IOT01/stm32l475e_iot01_psensor.o
LOAD B-L475E-IOT01_GenericMQTT/Drivers/BSP/B-L475E-IOT01/stm32l475e_iot01_tsensor.o
LOAD B-L475E-IOT01_GenericMQTT/Drivers/BSP/Components/HTS221/hts221.o
LOAD B-L475E-IOT01_GenericMQTT/Drivers/BSP/Components/LIS3MDL/lis3mdl.o
LOAD B-L475E-IOT01_GenericMQTT/Drivers/BSP/Components/LPS22HB/lps22hb.o
LOAD B-L475E-IOT01_GenericMQTT/Drivers/BSP/Components/LSM6DSL/lsm6dsl.o
LOAD B-L475E-IOT01_GenericMQTT/Drivers/BSP/es_wifi.o
LOAD B-L475E-IOT01_GenericMQTT/Drivers/STM32L4xx_HAL_Driver/stm32l4xx_hal_can.o
LOAD B-L475E-IOT01_GenericMQTT/Drivers/STM32L4xx_HAL_Driver/stm32l4xx_hal_cryp.o
LOAD B-L475E-IOT01_GenericMQTT/Drivers/STM32L4xx_HAL_Driver/stm32l4xx_hal_cryp_ex.o
LOAD B-L475E-IOT01_GenericMQTT/Drivers/STM32L4xx_HAL_Driver/stm32l4xx_hal_dfsdm.o
LOAD B-L475E-IOT01_GenericMQTT/Drivers/STM32L4xx_HAL_Driver/stm32l4xx_hal_hash.o
LOAD B-L475E-IOT01_GenericMQTT/Drivers/STM32L4xx_HAL_Driver/stm32l4xx_hal_hash_ex.o
LOAD B-L475E-IOT01_GenericMQTT/Drivers/STM32L4xx_HAL_Driver/stm32l4xx_hal_iwdg.o
LOAD B-L475E-IOT01_GenericMQTT/Drivers/STM32L4xx_HAL_Driver/stm32l4xx_hal_nand.o
LOAD B-L475E-IOT01_GenericMQTT/Drivers/STM32L4xx_HAL_Driver/stm32l4xx_hal_nor.o
LOAD B-L475E-IOT01_GenericMQTT/Drivers/STM32L4xx_HAL_Driver/stm32l4xx_hal_qspi.o
LOAD B-L475E-IOT01_GenericMQTT/Drivers/STM32L4xx_HAL_Driver/stm32l4xx_hal_sram.o
LOAD B-L475E-IOT01_GenericMQTT/Drivers/STM32L4xx_HAL_Driver/stm32l4xx_hal_wwdg.o
LOAD B-L475E-IOT01_GenericMQTT/Drivers/STM32L4xx_HAL_Driver/stm32l4xx_ll_fmc.o
LOAD B-L475E-IOT01_GenericMQTT/Middlewares/Third_Party/MQTTClient-C/MQTTClient.o
LOAD B-L475E-IOT01_GenericMQTT/Middlewares/Third_Party/MQTTPacket/MQTTConnectClient.o
LOAD B-L475E-IOT01_GenericMQTT/Middlewares/Third_Party/MQTTPacket/MQTTConnectServer.o
LOAD B-L475E-IOT01_GenericMQTT/Middlewares/Third_Party/MQTTPacket/MQTTDeserializePublish.o
LOAD B-L475E-IOT01_GenericMQTT/Middlewares/Third_Party/MQTTPacket/MQTTFormat.o
LOAD B-L475E-IOT01_GenericMQTT/Middlewares/Third_Party/MQTTPacket/MQTTPacket.o
LOAD B-L475E-IOT01_GenericMQTT/Middlewares/Third_Party/MQTTPacket/MQTTSerializePublish.o
LOAD B-L475E-IOT01_GenericMQTT/Middlewares/Third_Party/MQTTPacket/MQTTSubscribeClient.o
LOAD B-L475E-IOT01_GenericMQTT/Middlewares/Third_Party/MQTTPacket/MQTTSubscribeServer.o
LOAD B-L475E-IOT01_GenericMQTT/Middlewares/Third_Party/MQTTPacket/MQTTUnsubscribeClient.o
LOAD B-L475E-IOT01_GenericMQTT/Middlewares/Third_Party/MQTTPacket/MQTTUnsubscribeServer.o
LOAD B-L475E-IOT01_GenericMQTT/Middlewares/Third_Party/MbedTLS/aes.o
LOAD B-L475E-IOT01_GenericMQTT/Middlewares/Third_Party/MbedTLS/aesni.o
LOAD B-L475E-IOT01_GenericMQTT/Middlewares/Third_Party/MbedTLS/arc4.o
LOAD B-L475E-IOT01_GenericMQTT/Middlewares/Third_Party/MbedTLS/asn1parse.o
LOAD B-L475E-IOT01_GenericMQTT/Middlewares/Third_Party/MbedTLS/asn1write.o
LOAD B-L475E-IOT01_GenericMQTT/Middlewares/Third_Party/MbedTLS/base64.o
LOAD B-L475E-IOT01_GenericMQTT/Middlewares/Third_Party/MbedTLS/bignum.o
LOAD B-L475E-IOT01_GenericMQTT/Middlewares/Third_Party/MbedTLS/blowfish.o
LOAD B-L475E-IOT01_GenericMQTT/Middlewares/Third_Party/MbedTLS/camellia.o
LOAD B-L475E-IOT01_GenericMQTT/Middlewares/Third_Party/MbedTLS/ccm.o
LOAD B-L475E-IOT01_GenericMQTT/Middlewares/Third_Party/MbedTLS/certs.o
LOAD B-L475E-IOT01_GenericMQTT/Middlewares/Third_Party/MbedTLS/cipher.o
LOAD B-L475E-IOT01_GenericMQTT/Middlewares/Third_Party/MbedTLS/cipher_wrap.o
LOAD B-L475E-IOT01_GenericMQTT/Middlewares/Third_Party/MbedTLS/cmac.o
LOAD B-L475E-IOT01_GenericMQTT/Middlewares/Third_Party/MbedTLS/ctr_drbg.o
LOAD B-L475E-IOT01_GenericMQTT/Middlewares/Third_Party/MbedTLS/debug.o
LOAD B-L475E-IOT01_GenericMQTT/Middlewares/Third_Party/MbedTLS/des.o
LOAD B-L475E-IOT01_GenericMQTT/Middlewares/Third_Party/MbedTLS/dhm.o
LOAD B-L475E-IOT01_GenericMQTT/Middlewares/Third_Party/MbedTLS/ecdh.o
LOAD B-L475E-IOT01_GenericMQTT/Middlewares/Third_Party/MbedTLS/ecdsa.o
LOAD B-L475E-IOT01_GenericMQTT/Middlewares/Third_Party/MbedTLS/ecjpake.o
LOAD B-L475E-IOT01_GenericMQTT/Middlewares/Third_Party/MbedTLS/ecp.o
LOAD B-L475E-IOT01_GenericMQTT/Middlewares/Third_Party/MbedTLS/ecp_curves.o
LOAD B-L475E-IOT01_GenericMQTT/Middlewares/Third_Party/MbedTLS/entropy.o
LOAD B-L475E-IOT01_GenericMQTT/Middlewares/Third_Party/MbedTLS/entropy_poll.o
LOAD B-L475E-IOT01_GenericMQTT/Middlewares/Third_Party/MbedTLS/error.o
LOAD B-L475E-IOT01_GenericMQTT/Middlewares/Third_Party/MbedTLS/gcm.o
LOAD B-L475E-IOT01_GenericMQTT/Middlewares/Third_Party/MbedTLS/havege.o
LOAD B-L475E-IOT01_GenericMQTT/Middlewares/Third_Party/MbedTLS/hmac_drbg.o
LOAD B-L475E-IOT01_GenericMQTT/Middlewares/Third_Party/MbedTLS/md.o
LOAD B-L475E-IOT01_GenericMQTT/Middlewares/Third_Party/MbedTLS/md2.o
LOAD B-L475E-IOT01_GenericMQTT/Middlewares/Third_Party/MbedTLS/md4.o
LOAD B-L475E-IOT01_GenericMQTT/Middlewares/Third_Party/MbedTLS/md5.o
LOAD B-L475E-IOT01_GenericMQTT/Middlewares/Third_Party/MbedTLS/md_wrap.o
LOAD B-L475E-IOT01_GenericMQTT/Middlewares/Third_Party/MbedTLS/memory_buffer_alloc.o
LOAD B-L475E-IOT01_GenericMQTT/Middlewares/Third_Party/MbedTLS/oid.o
LOAD B-L475E-IOT01_GenericMQTT/Middlewares/Third_Party/MbedTLS/padlock.o
LOAD B-L475E-IOT01_GenericMQTT/Middlewares/Third_Party/MbedTLS/pem.o
LOAD B-L475E-IOT01_GenericMQTT/Middlewares/Third_Party/MbedTLS/pk.o
LOAD B-L475E-IOT01_GenericMQTT/Middlewares/Third_Party/MbedTLS/pk_wrap.o
LOAD B-L475E-IOT01_GenericMQTT/Middlewares/Third_Party/MbedTLS/pkcs11.o
LOAD B-L475E-IOT01_GenericMQTT/Middlewares/Third_Party/MbedTLS/pkcs12.o
LOAD B-L475E-IOT01_GenericMQTT/Middlewares/Third_Party/MbedTLS/pkcs5.o
LOAD B-L475E-IOT01_GenericMQTT/Middlewares/Third_Party/MbedTLS/pkparse.o
LOAD B-L475E-IOT01_GenericMQTT/Middlewares/Third_Party/MbedTLS/pkwrite.o
LOAD B-L475E-IOT01_GenericMQTT/Middlewares/Third_Party/MbedTLS/platform.o
LOAD B-L475E-IOT01_GenericMQTT/Middlewares/Third_Party/MbedTLS/ripemd160.o
LOAD B-L475E-IOT01_GenericMQTT/Middlewares/Third_Party/MbedTLS/rsa.o
LOAD B-L475E-IOT01_GenericMQTT/Middlewares/Third_Party/MbedTLS/sha1.o
LOAD B-L475E-IOT01_GenericMQTT/Middlewares/Third_Party/MbedTLS/sha256.o
LOAD B-L475E-IOT01_GenericMQTT/Middlewares/Third_Party/MbedTLS/sha512.o
LOAD B-L475E-IOT01_GenericMQTT/Middlewares/Third_Party/MbedTLS/ssl_cache.o
LOAD B-L475E-IOT01_GenericMQTT/Middlewares/Third_Party/MbedTLS/ssl_ciphersuites.o
LOAD B-L475E-IOT01_GenericMQTT/Middlewares/Third_Party/MbedTLS/ssl_cli.o
LOAD B-L475E-IOT01_GenericMQTT/Middlewares/Third_Party/MbedTLS/ssl_cookie.o
LOAD B-L475E-IOT01_GenericMQTT/Middlewares/Third_Party/MbedTLS/ssl_srv.o
LOAD B-L475E-IOT01_GenericMQTT/Middlewares/Third_Party/MbedTLS/ssl_ticket.o
LOAD B-L475E-IOT01_GenericMQTT/Middlewares/Third_Party/MbedTLS/ssl_tls.o
LOAD B-L475E-IOT01_GenericMQTT/Middlewares/Third_Party/MbedTLS/threading.o
LOAD B-L475E-IOT01_GenericMQTT/Middlewares/Third_Party/MbedTLS/timing.o
LOAD B-L475E-IOT01_GenericMQTT/Middlewares/Third_Party/MbedTLS/version.o
LOAD B-L475E-IOT01_GenericMQTT/Middlewares/Third_Party/MbedTLS/version_features.o
LOAD B-L475E-IOT01_GenericMQTT/Middlewares/Third_Party/MbedTLS/x509.o
LOAD B-L475E-IOT01_GenericMQTT/Middlewares/Third_Party/MbedTLS/x509_create.o
LOAD B-L475E-IOT01_GenericMQTT/Middlewares/Third_Party/MbedTLS/x509_crl.o
LOAD B-L475E-IOT01_GenericMQTT/Middlewares/Third_Party/MbedTLS/x509_crt.o
LOAD B-L475E-IOT01_GenericMQTT/Middlewares/Third_Party/MbedTLS/x509_csr.o
LOAD B-L475E-IOT01_GenericMQTT/Middlewares/Third_Party/MbedTLS/x509write_crt.o
LOAD B-L475E-IOT01_GenericMQTT/Middlewares/Third_Party/MbedTLS/x509write_csr.o
LOAD B-L475E-IOT01_GenericMQTT/Middlewares/Third_Party/MbedTLS/xtea.o
LOAD B-L475E-IOT01_GenericMQTT/Middlewares/Third_Party/cJSON/cJSON.o
LOAD Core/Inc/minmea-master/minmea.o
LOAD Core/Src/AppIoT_TFG_VIPV.o
LOAD Core/Src/main.o
LOAD Core/Src/stm32l4xx_hal_msp.o
LOAD Core/Src/stm32l4xx_it.o
LOAD Core/Src/syscalls.o
LOAD Core/Src/sysmem.o
LOAD Core/Src/system_stm32l4xx.o
LOAD Core/Startup/startup_stm32l475vgtx.o
LOAD Drivers/STM32L4xx_HAL_Driver/Src/stm32l4xx_hal.o
LOAD Drivers/STM32L4xx_HAL_Driver/Src/stm32l4xx_hal_adc.o
LOAD Drivers/STM32L4xx_HAL_Driver/Src/stm32l4xx_hal_adc_ex.o
LOAD Drivers/STM32L4xx_HAL_Driver/Src/stm32l4xx_hal_cortex.o
LOAD Drivers/STM32L4xx_HAL_Driver/Src/stm32l4xx_hal_crc.o
LOAD Drivers/STM32L4xx_HAL_Driver/Src/stm32l4xx_hal_crc_ex.o
LOAD Drivers/STM32L4xx_HAL_Driver/Src/stm32l4xx_hal_dma.o
LOAD Drivers/STM32L4xx_HAL_Driver/Src/stm32l4xx_hal_dma_ex.o
LOAD Drivers/STM32L4xx_HAL_Driver/Src/stm32l4xx_hal_exti.o
LOAD Drivers/STM32L4xx_HAL_Driver/Src/stm32l4xx_hal_flash.o
LOAD Drivers/STM32L4xx_HAL_Driver/Src/stm32l4xx_hal_flash_ex.o
LOAD Drivers/STM32L4xx_HAL_Driver/Src/stm32l4xx_hal_flash_ramfunc.o
LOAD Drivers/STM32L4xx_HAL_Driver/Src/stm32l4xx_hal_gpio.o
LOAD Drivers/STM32L4xx_HAL_Driver/Src/stm32l4xx_hal_i2c.o
LOAD Drivers/STM32L4xx_HAL_Driver/Src/stm32l4xx_hal_i2c_ex.o
LOAD Drivers/STM32L4xx_HAL_Driver/Src/stm32l4xx_hal_lptim.o
LOAD Drivers/STM32L4xx_HAL_Driver/Src/stm32l4xx_hal_opamp.o
LOAD Drivers/STM32L4xx_HAL_Driver/Src/stm32l4xx_hal_opamp_ex.o
LOAD Drivers/STM32L4xx_HAL_Driver/Src/stm32l4xx_hal_pwr.o
LOAD Drivers/STM32L4xx_HAL_Driver/Src/stm32l4xx_hal_pwr_ex.o
LOAD Drivers/STM32L4xx_HAL_Driver/Src/stm32l4xx_hal_rcc.o
LOAD Drivers/STM32L4xx_HAL_Driver/Src/stm32l4xx_hal_rcc_ex.o
LOAD Drivers/STM32L4xx_HAL_Driver/Src/stm32l4xx_hal_rng.o
LOAD Drivers/STM32L4xx_HAL_Driver/Src/stm32l4xx_hal_rtc.o
LOAD Drivers/STM32L4xx_HAL_Driver/Src/stm32l4xx_hal_rtc_ex.o
LOAD Drivers/STM32L4xx_HAL_Driver/Src/stm32l4xx_hal_spi.o
LOAD Drivers/STM32L4xx_HAL_Driver/Src/stm32l4xx_hal_spi_ex.o
LOAD Drivers/STM32L4xx_HAL_Driver/Src/stm32l4xx_hal_tim.o
LOAD Drivers/STM32L4xx_HAL_Driver/Src/stm32l4xx_hal_tim_ex.o
LOAD Drivers/STM32L4xx_HAL_Driver/Src/stm32l4xx_hal_uart.o
LOAD Drivers/STM32L4xx_HAL_Driver/Src/stm32l4xx_hal_uart_ex.o
LOAD ../Middlewares/ST/STM32_MotionFX_Library/Lib\MotionFX_CM4F_wc32_ot.a
START GROUP
LOAD c:/st/stm32cubeide_1.2.0/stm32cubeide/plugins/com.st.stm32cube.ide.mcu.externaltools.gnu-tools-for-stm32.7-2018-q2-update.win32_1.4.0.202007081208/tools/bin/../lib/gcc/arm-none-eabi/7.3.1/thumb/v7e-m/fpv4-sp/softfp\libgcc.a
LOAD c:/st/stm32cubeide_1.2.0/stm32cubeide/plugins/com.st.stm32cube.ide.mcu.externaltools.gnu-tools-for-stm32.7-2018-q2-update.win32_1.4.0.202007081208/tools/bin/../lib/gcc/arm-none-eabi/7.3.1/../../../../arm-none-eabi/lib/thumb/v7e-m/fpv4-sp/softfp\libc_nano.a
END GROUP
START GROUP
LOAD c:/st/stm32cubeide_1.2.0/stm32cubeide/plugins/com.st.stm32cube.ide.mcu.externaltools.gnu-tools-for-stm32.7-2018-q2-update.win32_1.4.0.202007081208/tools/bin/../lib/gcc/arm-none-eabi/7.3.1/thumb/v7e-m/fpv4-sp/softfp\libgcc.a
LOAD c:/st/stm32cubeide_1.2.0/stm32cubeide/plugins/com.st.stm32cube.ide.mcu.externaltools.gnu-tools-for-stm32.7-2018-q2-update.win32_1.4.0.202007081208/tools/bin/../lib/gcc/arm-none-eabi/7.3.1/../../../../arm-none-eabi/lib/thumb/v7e-m/fpv4-sp/softfp\libc_nano.a
END GROUP
LOAD c:/st/stm32cubeide_1.2.0/stm32cubeide/plugins/com.st.stm32cube.ide.mcu.externaltools.gnu-tools-for-stm32.7-2018-q2-update.win32_1.4.0.202007081208/tools/bin/../lib/gcc/arm-none-eabi/7.3.1/thumb/v7e-m/fpv4-sp/softfp/crtend.o
LOAD c:/st/stm32cubeide_1.2.0/stm32cubeide/plugins/com.st.stm32cube.ide.mcu.externaltools.gnu-tools-for-stm32.7-2018-q2-update.win32_1.4.0.202007081208/tools/bin/../lib/gcc/arm-none-eabi/7.3.1/thumb/v7e-m/fpv4-sp/softfp/crtn.o
                0x0000000020018000                _estack = (ORIGIN (RAM) + LENGTH (RAM))
                0x0000000000000200                _Min_Heap_Size = 0x200
                0x0000000000000400                _Min_Stack_Size = 0x400

.isr_vector     0x0000000008000000      0x188
                0x0000000008000000                . = ALIGN (0x4)
 *(.isr_vector)
 .isr_vector    0x0000000008000000      0x188 Core/Startup/startup_stm32l475vgtx.o
                0x0000000008000000                g_pfnVectors
                0x0000000008000188                . = ALIGN (0x4)

.text           0x0000000008000190    0x356c4
                0x0000000008000190                . = ALIGN (0x4)
 *(.text)
 .text          0x0000000008000190       0x40 c:/st/stm32cubeide_1.2.0/stm32cubeide/plugins/com.st.stm32cube.ide.mcu.externaltools.gnu-tools-for-stm32.7-2018-q2-update.win32_1.4.0.202007081208/tools/bin/../lib/gcc/arm-none-eabi/7.3.1/thumb/v7e-m/fpv4-sp/softfp/crtbegin.o
 .text          0x00000000080001d0      0x378 c:/st/stm32cubeide_1.2.0/stm32cubeide/plugins/com.st.stm32cube.ide.mcu.externaltools.gnu-tools-for-stm32.7-2018-q2-update.win32_1.4.0.202007081208/tools/bin/../lib/gcc/arm-none-eabi/7.3.1/thumb/v7e-m/fpv4-sp/softfp\libgcc.a(_arm_addsubdf3.o)
                0x00000000080001d0                __aeabi_drsub
                0x00000000080001d8                __aeabi_dsub
                0x00000000080001d8                __subdf3
                0x00000000080001dc                __aeabi_dadd
                0x00000000080001dc                __adddf3
                0x0000000008000454                __floatunsidf
                0x0000000008000454                __aeabi_ui2d
                0x0000000008000474                __floatsidf
                0x0000000008000474                __aeabi_i2d
                0x0000000008000498                __aeabi_f2d
                0x0000000008000498                __extendsfdf2
                0x00000000080004dc                __floatundidf
                0x00000000080004dc                __aeabi_ul2d
                0x00000000080004ec                __floatdidf
                0x00000000080004ec                __aeabi_l2d
 .text          0x0000000008000548      0x424 c:/st/stm32cubeide_1.2.0/stm32cubeide/plugins/com.st.stm32cube.ide.mcu.externaltools.gnu-tools-for-stm32.7-2018-q2-update.win32_1.4.0.202007081208/tools/bin/../lib/gcc/arm-none-eabi/7.3.1/thumb/v7e-m/fpv4-sp/softfp\libgcc.a(_arm_muldivdf3.o)
                0x0000000008000548                __aeabi_dmul
                0x0000000008000548                __muldf3
                0x000000000800079c                __divdf3
                0x000000000800079c                __aeabi_ddiv
 .text          0x000000000800096c      0x110 c:/st/stm32cubeide_1.2.0/stm32cubeide/plugins/com.st.stm32cube.ide.mcu.externaltools.gnu-tools-for-stm32.7-2018-q2-update.win32_1.4.0.202007081208/tools/bin/../lib/gcc/arm-none-eabi/7.3.1/thumb/v7e-m/fpv4-sp/softfp\libgcc.a(_arm_cmpdf2.o)
                0x000000000800096c                __gtdf2
                0x000000000800096c                __gedf2
                0x0000000008000974                __ltdf2
                0x0000000008000974                __ledf2
                0x000000000800097c                __nedf2
                0x000000000800097c                __eqdf2
                0x000000000800097c                __cmpdf2
                0x00000000080009f8                __aeabi_cdrcmple
                0x0000000008000a08                __aeabi_cdcmpeq
                0x0000000008000a08                __aeabi_cdcmple
                0x0000000008000a18                __aeabi_dcmpeq
                0x0000000008000a2c                __aeabi_dcmplt
                0x0000000008000a40                __aeabi_dcmple
                0x0000000008000a54                __aeabi_dcmpge
                0x0000000008000a68                __aeabi_dcmpgt
 .text          0x0000000008000a7c       0x50 c:/st/stm32cubeide_1.2.0/stm32cubeide/plugins/com.st.stm32cube.ide.mcu.externaltools.gnu-tools-for-stm32.7-2018-q2-update.win32_1.4.0.202007081208/tools/bin/../lib/gcc/arm-none-eabi/7.3.1/thumb/v7e-m/fpv4-sp/softfp\libgcc.a(_arm_fixdfsi.o)
                0x0000000008000a7c                __aeabi_d2iz
                0x0000000008000a7c                __fixdfsi
 .text          0x0000000008000acc       0xa0 c:/st/stm32cubeide_1.2.0/stm32cubeide/plugins/com.st.stm32cube.ide.mcu.externaltools.gnu-tools-for-stm32.7-2018-q2-update.win32_1.4.0.202007081208/tools/bin/../lib/gcc/arm-none-eabi/7.3.1/thumb/v7e-m/fpv4-sp/softfp\libgcc.a(_arm_truncdfsf2.o)
                0x0000000008000acc                __truncdfsf2
                0x0000000008000acc                __aeabi_d2f
 .text          0x0000000008000b6c      0x21c c:/st/stm32cubeide_1.2.0/stm32cubeide/plugins/com.st.stm32cube.ide.mcu.externaltools.gnu-tools-for-stm32.7-2018-q2-update.win32_1.4.0.202007081208/tools/bin/../lib/gcc/arm-none-eabi/7.3.1/thumb/v7e-m/fpv4-sp/softfp\libgcc.a(_arm_addsubsf3.o)
                0x0000000008000b6c                __aeabi_frsub
                0x0000000008000b74                __subsf3
                0x0000000008000b74                __aeabi_fsub
                0x0000000008000b78                __aeabi_fadd
                0x0000000008000b78                __addsf3
                0x0000000008000cd8                __aeabi_ui2f
                0x0000000008000cd8                __floatunsisf
                0x0000000008000ce0                __aeabi_i2f
                0x0000000008000ce0                __floatsisf
                0x0000000008000cfc                __aeabi_ul2f
                0x0000000008000cfc                __floatundisf
                0x0000000008000d0c                __aeabi_l2f
                0x0000000008000d0c                __floatdisf
 .text          0x0000000008000d88       0xa0 c:/st/stm32cubeide_1.2.0/stm32cubeide/plugins/com.st.stm32cube.ide.mcu.externaltools.gnu-tools-for-stm32.7-2018-q2-update.win32_1.4.0.202007081208/tools/bin/../lib/gcc/arm-none-eabi/7.3.1/thumb/v7e-m/fpv4-sp/softfp\libgcc.a(_aeabi_ldivmod.o)
                0x0000000008000d88                __aeabi_ldivmod
 .text          0x0000000008000e28       0x30 c:/st/stm32cubeide_1.2.0/stm32cubeide/plugins/com.st.stm32cube.ide.mcu.externaltools.gnu-tools-for-stm32.7-2018-q2-update.win32_1.4.0.202007081208/tools/bin/../lib/gcc/arm-none-eabi/7.3.1/thumb/v7e-m/fpv4-sp/softfp\libgcc.a(_aeabi_uldivmod.o)
                0x0000000008000e28                __aeabi_uldivmod
 .text          0x0000000008000e58      0x2cc c:/st/stm32cubeide_1.2.0/stm32cubeide/plugins/com.st.stm32cube.ide.mcu.externaltools.gnu-tools-for-stm32.7-2018-q2-update.win32_1.4.0.202007081208/tools/bin/../lib/gcc/arm-none-eabi/7.3.1/thumb/v7e-m/fpv4-sp/softfp\libgcc.a(_udivmoddi4.o)
                0x0000000008000e58                __udivmoddi4
 .text          0x0000000008001124        0x4 c:/st/stm32cubeide_1.2.0/stm32cubeide/plugins/com.st.stm32cube.ide.mcu.externaltools.gnu-tools-for-stm32.7-2018-q2-update.win32_1.4.0.202007081208/tools/bin/../lib/gcc/arm-none-eabi/7.3.1/thumb/v7e-m/fpv4-sp/softfp\libgcc.a(_dvmd_tls.o)
                0x0000000008001124                __aeabi_idiv0
                0x0000000008001124                __aeabi_ldiv0
 .text          0x0000000008001128       0x14 c:/st/stm32cubeide_1.2.0/stm32cubeide/plugins/com.st.stm32cube.ide.mcu.externaltools.gnu-tools-for-stm32.7-2018-q2-update.win32_1.4.0.202007081208/tools/bin/../lib/gcc/arm-none-eabi/7.3.1/../../../../arm-none-eabi/lib/thumb/v7e-m/fpv4-sp/softfp\libc_nano.a(lib_a-strcmp.o)
                0x0000000008001128                strcmp
 .text          0x000000000800113c       0x10 c:/st/stm32cubeide_1.2.0/stm32cubeide/plugins/com.st.stm32cube.ide.mcu.externaltools.gnu-tools-for-stm32.7-2018-q2-update.win32_1.4.0.202007081208/tools/bin/../lib/gcc/arm-none-eabi/7.3.1/../../../../arm-none-eabi/lib/thumb/v7e-m/fpv4-sp/softfp\libc_nano.a(lib_a-strlen.o)
                0x000000000800113c                strlen
 *fill*         0x000000000800114c        0x4 
 .text          0x0000000008001150       0xa0 c:/st/stm32cubeide_1.2.0/stm32cubeide/plugins/com.st.stm32cube.ide.mcu.externaltools.gnu-tools-for-stm32.7-2018-q2-update.win32_1.4.0.202007081208/tools/bin/../lib/gcc/arm-none-eabi/7.3.1/../../../../arm-none-eabi/lib/thumb/v7e-m/fpv4-sp/softfp\libc_nano.a(lib_a-memchr.o)
                0x0000000008001150                memchr
 .text          0x00000000080011f0       0x2c c:/st/stm32cubeide_1.2.0/stm32cubeide/plugins/com.st.stm32cube.ide.mcu.externaltools.gnu-tools-for-stm32.7-2018-q2-update.win32_1.4.0.202007081208/tools/bin/../lib/gcc/arm-none-eabi/7.3.1/thumb/v7e-m/fpv4-sp/softfp\libgcc.a(_arm_unorddf2.o)
                0x00000000080011f0                __unorddf2
                0x00000000080011f0                __aeabi_dcmpun
 .text          0x000000000800121c       0x40 c:/st/stm32cubeide_1.2.0/stm32cubeide/plugins/com.st.stm32cube.ide.mcu.externaltools.gnu-tools-for-stm32.7-2018-q2-update.win32_1.4.0.202007081208/tools/bin/../lib/gcc/arm-none-eabi/7.3.1/thumb/v7e-m/fpv4-sp/softfp\libgcc.a(_arm_fixunsdfsi.o)
                0x000000000800121c                __aeabi_d2uiz
                0x000000000800121c                __fixunsdfsi
 *(.text*)
 .text.TimingSystemGetSystemTime
                0x000000000800125c       0x78 B-L475E-IOT01_GenericMQTT/Application/Common/STM32CubeRTCInterface.o
                0x000000000800125c                TimingSystemGetSystemTime
 .text.dialog_ask
                0x00000000080012d4       0x34 B-L475E-IOT01_GenericMQTT/Application/Common/cloud.o
                0x00000000080012d4                dialog_ask
 .text.platform_deinit
                0x0000000008001308       0x24 B-L475E-IOT01_GenericMQTT/Application/Common/cloud.o
                0x0000000008001308                platform_deinit
 .text.CLOUD_Error_Handler
                0x000000000800132c       0x74 B-L475E-IOT01_GenericMQTT/Application/Common/cloud.o
                0x000000000800132c                CLOUD_Error_Handler
 .text.platform_init
                0x00000000080013a0      0x184 B-L475E-IOT01_GenericMQTT/Application/Common/cloud.o
                0x00000000080013a0                platform_init
 .text.mbedtls_hardware_poll
                0x0000000008001524       0x30 B-L475E-IOT01_GenericMQTT/Application/Common/entropy_hardware_poll.o
                0x0000000008001524                mbedtls_hardware_poll
 .text.FLASH_get_pageInBank
                0x0000000008001554       0x6c B-L475E-IOT01_GenericMQTT/Application/Common/flash_l4.o
 .text.FLASH_get_bank
                0x00000000080015c0       0x58 B-L475E-IOT01_GenericMQTT/Application/Common/flash_l4.o
 .text.FLASH_update
                0x0000000008001618      0x154 B-L475E-IOT01_GenericMQTT/Application/Common/flash_l4.o
                0x0000000008001618                FLASH_update
 .text.getInputString
                0x000000000800176c       0x74 B-L475E-IOT01_GenericMQTT/Application/Common/iot_flash_config.o
                0x000000000800176c                getInputString
 .text.checkWiFiCredentials
                0x00000000080017e0       0xe8 B-L475E-IOT01_GenericMQTT/Application/Common/iot_flash_config.o
                0x00000000080017e0                checkWiFiCredentials
 .text.updateWiFiCredentials
                0x00000000080018c8       0xcc B-L475E-IOT01_GenericMQTT/Application/Common/iot_flash_config.o
                0x00000000080018c8                updateWiFiCredentials
 .text.CaptureAndFlashPem
                0x0000000008001994       0x98 B-L475E-IOT01_GenericMQTT/Application/Common/iot_flash_config.o
                0x0000000008001994                CaptureAndFlashPem
 *fill*         0x0000000008001a2c        0x4 
 .text.checkTLSRootCA
                0x0000000008001a30       0x2c B-L475E-IOT01_GenericMQTT/Application/Common/iot_flash_config.o
                0x0000000008001a30                checkTLSRootCA
 *fill*         0x0000000008001a5c        0x4 
 .text.checkTLSDeviceConfig
                0x0000000008001a60       0x2c B-L475E-IOT01_GenericMQTT/Application/Common/iot_flash_config.o
                0x0000000008001a60                checkTLSDeviceConfig
 *fill*         0x0000000008001a8c        0x4 
 .text.updateTLSCredentials
                0x0000000008001a90      0x178 B-L475E-IOT01_GenericMQTT/Application/Common/iot_flash_config.o
                0x0000000008001a90                updateTLSCredentials
 .text.setIoTDeviceConfig
                0x0000000008001c08       0x58 B-L475E-IOT01_GenericMQTT/Application/Common/iot_flash_config.o
                0x0000000008001c08                setIoTDeviceConfig
 .text.getIoTDeviceConfig
                0x0000000008001c60       0x44 B-L475E-IOT01_GenericMQTT/Application/Common/iot_flash_config.o
                0x0000000008001c60                getIoTDeviceConfig
 *fill*         0x0000000008001ca4        0x4 
 .text.checkIoTDeviceConfig
                0x0000000008001ca8       0x2c B-L475E-IOT01_GenericMQTT/Application/Common/iot_flash_config.o
                0x0000000008001ca8                checkIoTDeviceConfig
 *fill*         0x0000000008001cd4        0x4 
 .text.getTLSKeys
                0x0000000008001cd8       0x8c B-L475E-IOT01_GenericMQTT/Application/Common/iot_flash_config.o
                0x0000000008001cd8                getTLSKeys
 .text.mbedtls_net_recv
                0x0000000008001d64       0x40 B-L475E-IOT01_GenericMQTT/Application/Common/mbedtls_net.o
                0x0000000008001d64                mbedtls_net_recv
 .text.mbedtls_net_recv_blocking
                0x0000000008001da4       0x9c B-L475E-IOT01_GenericMQTT/Application/Common/mbedtls_net.o
                0x0000000008001da4                mbedtls_net_recv_blocking
 .text.mbedtls_net_send
                0x0000000008001e40       0x40 B-L475E-IOT01_GenericMQTT/Application/Common/mbedtls_net.o
                0x0000000008001e40                mbedtls_net_send
 .text.net_init
                0x0000000008001e80       0x7c B-L475E-IOT01_GenericMQTT/Application/Common/net.o
                0x0000000008001e80                net_init
 .text.net_deinit
                0x0000000008001efc       0x44 B-L475E-IOT01_GenericMQTT/Application/Common/net.o
                0x0000000008001efc                net_deinit
 .text.net_reinit
                0x0000000008001f40       0x38 B-L475E-IOT01_GenericMQTT/Application/Common/net.o
                0x0000000008001f40                net_reinit
 .text.net_get_ip_address
                0x0000000008001f78       0x60 B-L475E-IOT01_GenericMQTT/Application/Common/net.o
                0x0000000008001f78                net_get_ip_address
 .text.net_get_mac_address
                0x0000000008001fd8       0x54 B-L475E-IOT01_GenericMQTT/Application/Common/net.o
                0x0000000008001fd8                net_get_mac_address
 .text.net_sock_create
                0x000000000800202c       0x58 B-L475E-IOT01_GenericMQTT/Application/Common/net.o
                0x000000000800202c                net_sock_create
 .text.net_sock_open
                0x0000000008002084        0xc B-L475E-IOT01_GenericMQTT/Application/Common/net.o
                0x0000000008002084                net_sock_open
 .text.net_sock_setopt
                0x0000000008002090      0x148 B-L475E-IOT01_GenericMQTT/Application/Common/net.o
                0x0000000008002090                net_sock_setopt
 .text.net_sock_recv
                0x00000000080021d8        0xc B-L475E-IOT01_GenericMQTT/Application/Common/net.o
                0x00000000080021d8                net_sock_recv
 .text.net_sock_send
                0x00000000080021e4        0xc B-L475E-IOT01_GenericMQTT/Application/Common/net.o
                0x00000000080021e4                net_sock_send
 .text.net_sock_close
                0x00000000080021f0        0xc B-L475E-IOT01_GenericMQTT/Application/Common/net.o
                0x00000000080021f0                net_sock_close
 .text.net_sock_destroy
                0x00000000080021fc        0xc B-L475E-IOT01_GenericMQTT/Application/Common/net.o
                0x00000000080021fc                net_sock_destroy
 .text.net_timeout_left_ms
                0x0000000008002208       0x12 B-L475E-IOT01_GenericMQTT/Application/Common/net.o
                0x0000000008002208                net_timeout_left_ms
 .text.net_sock_destroy_tcp_wifi
                0x000000000800221a       0x2e B-L475E-IOT01_GenericMQTT/Application/Common/net_tcp_wifi.o
                0x000000000800221a                net_sock_destroy_tcp_wifi
 .text.net_sock_open_wifi
                0x0000000008002248       0xc8 B-L475E-IOT01_GenericMQTT/Application/Common/net_tcp_wifi.o
                0x0000000008002248                net_sock_open_wifi
 .text.net_sock_recv_tcp_wifi
                0x0000000008002310      0x104 B-L475E-IOT01_GenericMQTT/Application/Common/net_tcp_wifi.o
                0x0000000008002310                net_sock_recv_tcp_wifi
 .text.net_sock_recvfrom_udp_wifi
                0x0000000008002414      0x148 B-L475E-IOT01_GenericMQTT/Application/Common/net_tcp_wifi.o
                0x0000000008002414                net_sock_recvfrom_udp_wifi
 .text.net_sock_send_tcp_wifi
                0x000000000800255c       0x90 B-L475E-IOT01_GenericMQTT/Application/Common/net_tcp_wifi.o
                0x000000000800255c                net_sock_send_tcp_wifi
 .text.net_sock_sendto_udp_wifi
                0x00000000080025ec       0xc4 B-L475E-IOT01_GenericMQTT/Application/Common/net_tcp_wifi.o
                0x00000000080025ec                net_sock_sendto_udp_wifi
 .text.net_sock_close_tcp_wifi
                0x00000000080026b0       0x1e B-L475E-IOT01_GenericMQTT/Application/Common/net_tcp_wifi.o
                0x00000000080026b0                net_sock_close_tcp_wifi
 *fill*         0x00000000080026ce        0x2 
 .text.net_sock_create_wifi
                0x00000000080026d0       0xac B-L475E-IOT01_GenericMQTT/Application/Common/net_tcp_wifi.o
                0x00000000080026d0                net_sock_create_wifi
 .text.my_debug
                0x000000000800277c        0xc B-L475E-IOT01_GenericMQTT/Application/Common/net_tls_mbedtls.o
 .text.internal_close
                0x0000000008002788       0x4e B-L475E-IOT01_GenericMQTT/Application/Common/net_tls_mbedtls.o
 *fill*         0x00000000080027d6        0x2 
 .text.net_sock_open_mbedtls
                0x00000000080027d8      0x48c B-L475E-IOT01_GenericMQTT/Application/Common/net_tls_mbedtls.o
                0x00000000080027d8                net_sock_open_mbedtls
 .text.net_sock_recv_mbedtls
                0x0000000008002c64       0xc4 B-L475E-IOT01_GenericMQTT/Application/Common/net_tls_mbedtls.o
                0x0000000008002c64                net_sock_recv_mbedtls
 .text.net_sock_send_mbedtls
                0x0000000008002d28       0xb8 B-L475E-IOT01_GenericMQTT/Application/Common/net_tls_mbedtls.o
                0x0000000008002d28                net_sock_send_mbedtls
 .text.net_sock_close_mbedtls
                0x0000000008002de0       0x70 B-L475E-IOT01_GenericMQTT/Application/Common/net_tls_mbedtls.o
                0x0000000008002de0                net_sock_close_mbedtls
 .text.net_sock_destroy_mbedtls
                0x0000000008002e50       0x38 B-L475E-IOT01_GenericMQTT/Application/Common/net_tls_mbedtls.o
                0x0000000008002e50                net_sock_destroy_mbedtls
 .text.net_sock_create_mbedtls
                0x0000000008002e88       0xc0 B-L475E-IOT01_GenericMQTT/Application/Common/net_tls_mbedtls.o
                0x0000000008002e88                net_sock_create_mbedtls
 .text.TimerCountdownMS
                0x0000000008002f48       0x10 B-L475E-IOT01_GenericMQTT/Application/Common/paho_timer.o
                0x0000000008002f48                TimerCountdownMS
 .text.TimerCountdown
                0x0000000008002f58       0x16 B-L475E-IOT01_GenericMQTT/Application/Common/paho_timer.o
                0x0000000008002f58                TimerCountdown
 .text.TimerLeftMS
                0x0000000008002f6e       0x28 B-L475E-IOT01_GenericMQTT/Application/Common/paho_timer.o
                0x0000000008002f6e                TimerLeftMS
 .text.TimerIsExpired
                0x0000000008002f96       0x10 B-L475E-IOT01_GenericMQTT/Application/Common/paho_timer.o
                0x0000000008002f96                TimerIsExpired
 .text.TimerInit
                0x0000000008002fa6        0x8 B-L475E-IOT01_GenericMQTT/Application/Common/paho_timer.o
                0x0000000008002fa6                TimerInit
 *fill*         0x0000000008002fae        0x2 
 .text.init_sensors
                0x0000000008002fb0       0xd4 B-L475E-IOT01_GenericMQTT/Application/Common/sensors_data.o
                0x0000000008002fb0                init_sensors
 .text.setRTCTimeDateFromNetwork
                0x0000000008003084      0x408 B-L475E-IOT01_GenericMQTT/Application/Common/timedate.o
                0x0000000008003084                setRTCTimeDateFromNetwork
 .text.time     0x000000000800348c        0x4 B-L475E-IOT01_GenericMQTT/Application/Common/timingSystem.o
                0x000000000800348c                time
 .text.net_if_init
                0x0000000008003490      0x140 B-L475E-IOT01_GenericMQTT/Application/Common/wifi_net.o
                0x0000000008003490                net_if_init
 .text.net_if_deinit
                0x00000000080035d0        0x4 B-L475E-IOT01_GenericMQTT/Application/Common/wifi_net.o
                0x00000000080035d0                net_if_deinit
 .text.net_if_reinit
                0x00000000080035d4       0x7c B-L475E-IOT01_GenericMQTT/Application/Common/wifi_net.o
                0x00000000080035d4                net_if_reinit
 .text.SPI_WIFI_DelayUs
                0x0000000008003650       0x68 B-L475E-IOT01_GenericMQTT/Application/Wifi/es_wifi_io.o
 .text.wait_spi_tx_event
                0x00000000080036b8       0x2c B-L475E-IOT01_GenericMQTT/Application/Wifi/es_wifi_io.o
 .text.SPI_WIFI_MspInit
                0x00000000080036e4      0x124 B-L475E-IOT01_GenericMQTT/Application/Wifi/es_wifi_io.o
                0x00000000080036e4                SPI_WIFI_MspInit
 .text.SPI_WIFI_ResetModule
                0x0000000008003808       0xd0 B-L475E-IOT01_GenericMQTT/Application/Wifi/es_wifi_io.o
                0x0000000008003808                SPI_WIFI_ResetModule
 .text.SPI_WIFI_Init
                0x00000000080038d8       0x7c B-L475E-IOT01_GenericMQTT/Application/Wifi/es_wifi_io.o
                0x00000000080038d8                SPI_WIFI_Init
 .text.SPI_WIFI_DeInit
                0x0000000008003954       0x10 B-L475E-IOT01_GenericMQTT/Application/Wifi/es_wifi_io.o
                0x0000000008003954                SPI_WIFI_DeInit
 .text.SPI_WIFI_ReceiveData
                0x0000000008003964      0x108 B-L475E-IOT01_GenericMQTT/Application/Wifi/es_wifi_io.o
                0x0000000008003964                SPI_WIFI_ReceiveData
 .text.SPI_WIFI_SendData
                0x0000000008003a6c       0xb4 B-L475E-IOT01_GenericMQTT/Application/Wifi/es_wifi_io.o
                0x0000000008003a6c                SPI_WIFI_SendData
 .text.SPI_WIFI_Delay
                0x0000000008003b20        0x4 B-L475E-IOT01_GenericMQTT/Application/Wifi/es_wifi_io.o
                0x0000000008003b20                SPI_WIFI_Delay
 .text.HAL_SPI_RxCpltCallback
                0x0000000008003b24       0x10 B-L475E-IOT01_GenericMQTT/Application/Wifi/es_wifi_io.o
                0x0000000008003b24                HAL_SPI_RxCpltCallback
 .text.HAL_SPI_TxCpltCallback
                0x0000000008003b34       0x10 B-L475E-IOT01_GenericMQTT/Application/Wifi/es_wifi_io.o
                0x0000000008003b34                HAL_SPI_TxCpltCallback
 .text.SPI_WIFI_ISR
                0x0000000008003b44       0x14 B-L475E-IOT01_GenericMQTT/Application/Wifi/es_wifi_io.o
                0x0000000008003b44                SPI_WIFI_ISR
 .text.WIFI_Init
                0x0000000008003b58       0x48 B-L475E-IOT01_GenericMQTT/Application/Wifi/wifi.o
                0x0000000008003b58                WIFI_Init
 .text.WIFI_Connect
                0x0000000008003ba0       0x28 B-L475E-IOT01_GenericMQTT/Application/Wifi/wifi.o
                0x0000000008003ba0                WIFI_Connect
 .text.WIFI_GetMAC_Address
                0x0000000008003bc8       0x18 B-L475E-IOT01_GenericMQTT/Application/Wifi/wifi.o
                0x0000000008003bc8                WIFI_GetMAC_Address
 .text.WIFI_GetIP_Address
                0x0000000008003be0       0x20 B-L475E-IOT01_GenericMQTT/Application/Wifi/wifi.o
                0x0000000008003be0                WIFI_GetIP_Address
 .text.WIFI_GetHostAddress
                0x0000000008003c00       0x18 B-L475E-IOT01_GenericMQTT/Application/Wifi/wifi.o
                0x0000000008003c00                WIFI_GetHostAddress
 .text.WIFI_OpenClientConnection
                0x0000000008003c18       0x50 B-L475E-IOT01_GenericMQTT/Application/Wifi/wifi.o
                0x0000000008003c18                WIFI_OpenClientConnection
 .text.WIFI_CloseClientConnection
                0x0000000008003c68       0x20 B-L475E-IOT01_GenericMQTT/Application/Wifi/wifi.o
                0x0000000008003c68                WIFI_CloseClientConnection
 .text.WIFI_SendData
                0x0000000008003c88       0x24 B-L475E-IOT01_GenericMQTT/Application/Wifi/wifi.o
                0x0000000008003c88                WIFI_SendData
 .text.WIFI_SendDataTo
                0x0000000008003cac       0x2c B-L475E-IOT01_GenericMQTT/Application/Wifi/wifi.o
                0x0000000008003cac                WIFI_SendDataTo
 .text.WIFI_ReceiveData
                0x0000000008003cd8       0x24 B-L475E-IOT01_GenericMQTT/Application/Wifi/wifi.o
                0x0000000008003cd8                WIFI_ReceiveData
 .text.WIFI_ReceiveDataFrom
                0x0000000008003cfc       0x2c B-L475E-IOT01_GenericMQTT/Application/Wifi/wifi.o
                0x0000000008003cfc                WIFI_ReceiveDataFrom
 .text.WIFI_GetModuleFwRevision
                0x0000000008003d28       0x14 B-L475E-IOT01_GenericMQTT/Application/Wifi/wifi.o
                0x0000000008003d28                WIFI_GetModuleFwRevision
 .text.WIFI_GetModuleID
                0x0000000008003d3c       0x14 B-L475E-IOT01_GenericMQTT/Application/Wifi/wifi.o
                0x0000000008003d3c                WIFI_GetModuleID
 .text.WIFI_GetModuleName
                0x0000000008003d50       0x14 B-L475E-IOT01_GenericMQTT/Application/Wifi/wifi.o
                0x0000000008003d50                WIFI_GetModuleName
 .text.I2Cx_Init.constprop.8
                0x0000000008003d64       0xc0 B-L475E-IOT01_GenericMQTT/Drivers/BSP/B-L475E-IOT01/stm32l475e_iot01.o
 .text.I2Cx_Error.isra.2.constprop.7
                0x0000000008003e24       0x14 B-L475E-IOT01_GenericMQTT/Drivers/BSP/B-L475E-IOT01/stm32l475e_iot01.o
 .text.BSP_LED_Init
                0x0000000008003e38       0x44 B-L475E-IOT01_GenericMQTT/Drivers/BSP/B-L475E-IOT01/stm32l475e_iot01.o
                0x0000000008003e38                BSP_LED_Init
 .text.BSP_LED_Toggle
                0x0000000008003e7c       0x14 B-L475E-IOT01_GenericMQTT/Drivers/BSP/B-L475E-IOT01/stm32l475e_iot01.o
                0x0000000008003e7c                BSP_LED_Toggle
 .text.BSP_PB_Init
                0x0000000008003e90       0x78 B-L475E-IOT01_GenericMQTT/Drivers/BSP/B-L475E-IOT01/stm32l475e_iot01.o
                0x0000000008003e90                BSP_PB_Init
 .text.BSP_COM_Init
                0x0000000008003f08       0x98 B-L475E-IOT01_GenericMQTT/Drivers/BSP/B-L475E-IOT01/stm32l475e_iot01.o
                0x0000000008003f08                BSP_COM_Init
 .text.SENSOR_IO_Init
                0x0000000008003fa0        0x4 B-L475E-IOT01_GenericMQTT/Drivers/BSP/B-L475E-IOT01/stm32l475e_iot01.o
                0x0000000008003fa0                SENSOR_IO_Init
 .text.SENSOR_IO_Write
                0x0000000008003fa4       0x30 B-L475E-IOT01_GenericMQTT/Drivers/BSP/B-L475E-IOT01/stm32l475e_iot01.o
                0x0000000008003fa4                SENSOR_IO_Write
 .text.SENSOR_IO_Read
                0x0000000008003fd4       0x34 B-L475E-IOT01_GenericMQTT/Drivers/BSP/B-L475E-IOT01/stm32l475e_iot01.o
                0x0000000008003fd4                SENSOR_IO_Read
 .text.SENSOR_IO_ReadMultiple
                0x0000000008004008       0x2c B-L475E-IOT01_GenericMQTT/Drivers/BSP/B-L475E-IOT01/stm32l475e_iot01.o
                0x0000000008004008                SENSOR_IO_ReadMultiple
 .text.BSP_ACCELERO_Init
                0x0000000008004034       0x28 B-L475E-IOT01_GenericMQTT/Drivers/BSP/B-L475E-IOT01/stm32l475e_iot01_accelero.o
                0x0000000008004034                BSP_ACCELERO_Init
 .text.BSP_ACCELERO_AccGetXYZ
                0x000000000800405c       0x14 B-L475E-IOT01_GenericMQTT/Drivers/BSP/B-L475E-IOT01/stm32l475e_iot01_accelero.o
                0x000000000800405c                BSP_ACCELERO_AccGetXYZ
 .text.BSP_GYRO_Init
                0x0000000008004070       0x28 B-L475E-IOT01_GenericMQTT/Drivers/BSP/B-L475E-IOT01/stm32l475e_iot01_gyro.o
                0x0000000008004070                BSP_GYRO_Init
 .text.BSP_GYRO_GetXYZ
                0x0000000008004098       0x14 B-L475E-IOT01_GenericMQTT/Drivers/BSP/B-L475E-IOT01/stm32l475e_iot01_gyro.o
                0x0000000008004098                BSP_GYRO_GetXYZ
 .text.BSP_HSENSOR_Init
                0x00000000080040ac       0x28 B-L475E-IOT01_GenericMQTT/Drivers/BSP/B-L475E-IOT01/stm32l475e_iot01_hsensor.o
                0x00000000080040ac                BSP_HSENSOR_Init
 .text.BSP_HSENSOR_ReadHumidity
                0x00000000080040d4       0x10 B-L475E-IOT01_GenericMQTT/Drivers/BSP/B-L475E-IOT01/stm32l475e_iot01_hsensor.o
                0x00000000080040d4                BSP_HSENSOR_ReadHumidity
 .text.BSP_MAGNETO_Init
                0x00000000080040e4       0x3c B-L475E-IOT01_GenericMQTT/Drivers/BSP/B-L475E-IOT01/stm32l475e_iot01_magneto.o
                0x00000000080040e4                BSP_MAGNETO_Init
 .text.BSP_MAGNETO_GetXYZ
                0x0000000008004120       0x14 B-L475E-IOT01_GenericMQTT/Drivers/BSP/B-L475E-IOT01/stm32l475e_iot01_magneto.o
                0x0000000008004120                BSP_MAGNETO_GetXYZ
 .text.BSP_PSENSOR_Init
                0x0000000008004134       0x28 B-L475E-IOT01_GenericMQTT/Drivers/BSP/B-L475E-IOT01/stm32l475e_iot01_psensor.o
                0x0000000008004134                BSP_PSENSOR_Init
 .text.BSP_PSENSOR_ReadPressure
                0x000000000800415c       0x10 B-L475E-IOT01_GenericMQTT/Drivers/BSP/B-L475E-IOT01/stm32l475e_iot01_psensor.o
                0x000000000800415c                BSP_PSENSOR_ReadPressure
 .text.BSP_TSENSOR_Init
                0x000000000800416c       0x24 B-L475E-IOT01_GenericMQTT/Drivers/BSP/B-L475E-IOT01/stm32l475e_iot01_tsensor.o
                0x000000000800416c                BSP_TSENSOR_Init
 .text.BSP_TSENSOR_ReadTemp
                0x0000000008004190       0x10 B-L475E-IOT01_GenericMQTT/Drivers/BSP/B-L475E-IOT01/stm32l475e_iot01_tsensor.o
                0x0000000008004190                BSP_TSENSOR_ReadTemp
 .text.HTS221_H_Init
                0x00000000080041a0       0x20 B-L475E-IOT01_GenericMQTT/Drivers/BSP/Components/HTS221/hts221.o
                0x00000000080041a0                HTS221_H_Init
 .text.HTS221_T_Init
                0x00000000080041c0       0x20 B-L475E-IOT01_GenericMQTT/Drivers/BSP/Components/HTS221/hts221.o
                0x00000000080041c0                HTS221_T_Init
 .text.HTS221_H_ReadID
                0x00000000080041e0       0x14 B-L475E-IOT01_GenericMQTT/Drivers/BSP/Components/HTS221/hts221.o
                0x00000000080041e0                HTS221_H_ReadID
 .text.HTS221_H_ReadHumidity
                0x00000000080041f4       0xe0 B-L475E-IOT01_GenericMQTT/Drivers/BSP/Components/HTS221/hts221.o
                0x00000000080041f4                HTS221_H_ReadHumidity
 .text.HTS221_T_ReadTemp
                0x00000000080042d4       0xb8 B-L475E-IOT01_GenericMQTT/Drivers/BSP/Components/HTS221/hts221.o
                0x00000000080042d4                HTS221_T_ReadTemp
 .text.LIS3MDL_MagInit
                0x000000000800438c       0x4a B-L475E-IOT01_GenericMQTT/Drivers/BSP/Components/LIS3MDL/lis3mdl.o
                0x000000000800438c                LIS3MDL_MagInit
 .text.LIS3MDL_MagDeInit
                0x00000000080043d6       0x1e B-L475E-IOT01_GenericMQTT/Drivers/BSP/Components/LIS3MDL/lis3mdl.o
                0x00000000080043d6                LIS3MDL_MagDeInit
 .text.LIS3MDL_MagLowPower
                0x00000000080043f4       0x22 B-L475E-IOT01_GenericMQTT/Drivers/BSP/Components/LIS3MDL/lis3mdl.o
                0x00000000080043f4                LIS3MDL_MagLowPower
 .text.LIS3MDL_MagReadID
                0x0000000008004416       0x12 B-L475E-IOT01_GenericMQTT/Drivers/BSP/Components/LIS3MDL/lis3mdl.o
                0x0000000008004416                LIS3MDL_MagReadID
 .text.LIS3MDL_MagReadXYZ
                0x0000000008004428       0xb8 B-L475E-IOT01_GenericMQTT/Drivers/BSP/Components/LIS3MDL/lis3mdl.o
                0x0000000008004428                LIS3MDL_MagReadXYZ
 .text.LPS22HB_P_ReadPressure
                0x00000000080044e0       0x58 B-L475E-IOT01_GenericMQTT/Drivers/BSP/Components/LPS22HB/lps22hb.o
                0x00000000080044e0                LPS22HB_P_ReadPressure
 .text.LPS22HB_Init
                0x0000000008004538       0x38 B-L475E-IOT01_GenericMQTT/Drivers/BSP/Components/LPS22HB/lps22hb.o
 .text.LPS22HB_P_Init
                0x0000000008004570        0x4 B-L475E-IOT01_GenericMQTT/Drivers/BSP/Components/LPS22HB/lps22hb.o
                0x0000000008004570                LPS22HB_P_Init
 .text.LPS22HB_P_ReadID
                0x0000000008004574       0x14 B-L475E-IOT01_GenericMQTT/Drivers/BSP/Components/LPS22HB/lps22hb.o
                0x0000000008004574                LPS22HB_P_ReadID
 .text.LSM6DSL_AccInit
                0x0000000008004588       0x38 B-L475E-IOT01_GenericMQTT/Drivers/BSP/Components/LSM6DSL/lsm6dsl.o
                0x0000000008004588                LSM6DSL_AccInit
 .text.LSM6DSL_AccDeInit
                0x00000000080045c0       0x1a B-L475E-IOT01_GenericMQTT/Drivers/BSP/Components/LSM6DSL/lsm6dsl.o
                0x00000000080045c0                LSM6DSL_AccDeInit
 .text.LSM6DSL_AccLowPower
                0x00000000080045da       0x22 B-L475E-IOT01_GenericMQTT/Drivers/BSP/Components/LSM6DSL/lsm6dsl.o
                0x00000000080045da                LSM6DSL_AccLowPower
 .text.LSM6DSL_GyroInit
                0x00000000080045fc       0x38 B-L475E-IOT01_GenericMQTT/Drivers/BSP/Components/LSM6DSL/lsm6dsl.o
                0x00000000080045fc                LSM6DSL_GyroInit
 .text.LSM6DSL_GyroDeInit
                0x0000000008004634       0x1a B-L475E-IOT01_GenericMQTT/Drivers/BSP/Components/LSM6DSL/lsm6dsl.o
                0x0000000008004634                LSM6DSL_GyroDeInit
 .text.LSM6DSL_GyroLowPower
                0x000000000800464e       0x22 B-L475E-IOT01_GenericMQTT/Drivers/BSP/Components/LSM6DSL/lsm6dsl.o
                0x000000000800464e                LSM6DSL_GyroLowPower
 .text.LSM6DSL_AccReadID
                0x0000000008004670       0x12 B-L475E-IOT01_GenericMQTT/Drivers/BSP/Components/LSM6DSL/lsm6dsl.o
                0x0000000008004670                LSM6DSL_AccReadID
 .text.LSM6DSL_GyroReadID
                0x0000000008004682        0x4 B-L475E-IOT01_GenericMQTT/Drivers/BSP/Components/LSM6DSL/lsm6dsl.o
                0x0000000008004682                LSM6DSL_GyroReadID
 *fill*         0x0000000008004686        0x2 
 .text.LSM6DSL_AccReadXYZ
                0x0000000008004688       0x88 B-L475E-IOT01_GenericMQTT/Drivers/BSP/Components/LSM6DSL/lsm6dsl.o
                0x0000000008004688                LSM6DSL_AccReadXYZ
 .text.LSM6DSL_GyroReadXYZAngRate
                0x0000000008004710       0x8c B-L475E-IOT01_GenericMQTT/Drivers/BSP/Components/LSM6DSL/lsm6dsl.o
                0x0000000008004710                LSM6DSL_GyroReadXYZAngRate
 .text.ParseNumber
                0x000000000800479c       0x38 B-L475E-IOT01_GenericMQTT/Drivers/BSP/es_wifi.o
 .text.ParseMAC
                0x00000000080047d4       0x66 B-L475E-IOT01_GenericMQTT/Drivers/BSP/es_wifi.o
 .text.ParseIP  0x000000000800483a       0x32 B-L475E-IOT01_GenericMQTT/Drivers/BSP/es_wifi.o
 .text.AT_ExecuteCommand
                0x000000000800486c       0x70 B-L475E-IOT01_GenericMQTT/Drivers/BSP/es_wifi.o
 .text.AT_RequestSendData
                0x00000000080048dc       0x90 B-L475E-IOT01_GenericMQTT/Drivers/BSP/es_wifi.o
 .text.AT_RequestReceiveData
                0x000000000800496c       0xa0 B-L475E-IOT01_GenericMQTT/Drivers/BSP/es_wifi.o
 .text.ES_WIFI_Init
                0x0000000008004a0c       0xc4 B-L475E-IOT01_GenericMQTT/Drivers/BSP/es_wifi.o
                0x0000000008004a0c                ES_WIFI_Init
 .text.ES_WIFI_RegisterBusIO
                0x0000000008004ad0       0x2c B-L475E-IOT01_GenericMQTT/Drivers/BSP/es_wifi.o
                0x0000000008004ad0                ES_WIFI_RegisterBusIO
 .text.ES_WIFI_Connect
                0x0000000008004afc       0x80 B-L475E-IOT01_GenericMQTT/Drivers/BSP/es_wifi.o
                0x0000000008004afc                ES_WIFI_Connect
 .text.ES_WIFI_IsConnected
                0x0000000008004b7c       0x38 B-L475E-IOT01_GenericMQTT/Drivers/BSP/es_wifi.o
                0x0000000008004b7c                ES_WIFI_IsConnected
 .text.ES_WIFI_GetNetworkSettings
                0x0000000008004bb4       0xe8 B-L475E-IOT01_GenericMQTT/Drivers/BSP/es_wifi.o
                0x0000000008004bb4                ES_WIFI_GetNetworkSettings
 .text.ES_WIFI_GetMACAddress
                0x0000000008004c9c       0x3c B-L475E-IOT01_GenericMQTT/Drivers/BSP/es_wifi.o
                0x0000000008004c9c                ES_WIFI_GetMACAddress
 .text.ES_WIFI_DNS_LookUp
                0x0000000008004cd8       0x40 B-L475E-IOT01_GenericMQTT/Drivers/BSP/es_wifi.o
                0x0000000008004cd8                ES_WIFI_DNS_LookUp
 .text.ES_WIFI_StartClientConnection
                0x0000000008004d18       0xc4 B-L475E-IOT01_GenericMQTT/Drivers/BSP/es_wifi.o
                0x0000000008004d18                ES_WIFI_StartClientConnection
 .text.ES_WIFI_StopClientConnection
                0x0000000008004ddc       0x40 B-L475E-IOT01_GenericMQTT/Drivers/BSP/es_wifi.o
                0x0000000008004ddc                ES_WIFI_StopClientConnection
 .text.ES_WIFI_SendData
                0x0000000008004e1c       0xfc B-L475E-IOT01_GenericMQTT/Drivers/BSP/es_wifi.o
                0x0000000008004e1c                ES_WIFI_SendData
 .text.ES_WIFI_SendDataTo
                0x0000000008004f18      0x138 B-L475E-IOT01_GenericMQTT/Drivers/BSP/es_wifi.o
                0x0000000008004f18                ES_WIFI_SendDataTo
 .text.ES_WIFI_ReceiveData
                0x0000000008005050      0x110 B-L475E-IOT01_GenericMQTT/Drivers/BSP/es_wifi.o
                0x0000000008005050                ES_WIFI_ReceiveData
 .text.ES_WIFI_ReceiveDataFrom
                0x0000000008005160      0x20c B-L475E-IOT01_GenericMQTT/Drivers/BSP/es_wifi.o
                0x0000000008005160                ES_WIFI_ReceiveDataFrom
 .text.MQTTCloseSession
                0x000000000800536c       0x16 B-L475E-IOT01_GenericMQTT/Middlewares/Third_Party/MQTTClient-C/MQTTClient.o
 .text.sendPacket
                0x0000000008005382       0x58 B-L475E-IOT01_GenericMQTT/Middlewares/Third_Party/MQTTClient-C/MQTTClient.o
 *fill*         0x00000000080053da        0x2 
 .text.cycle    0x00000000080053dc      0x2e0 B-L475E-IOT01_GenericMQTT/Middlewares/Third_Party/MQTTClient-C/MQTTClient.o
 .text.waitfor  0x00000000080056bc       0x2a B-L475E-IOT01_GenericMQTT/Middlewares/Third_Party/MQTTClient-C/MQTTClient.o
 .text.MQTTClientInit
                0x00000000080056e6       0x40 B-L475E-IOT01_GenericMQTT/Middlewares/Third_Party/MQTTClient-C/MQTTClient.o
                0x00000000080056e6                MQTTClientInit
 .text.MQTTYield
                0x0000000008005726       0x36 B-L475E-IOT01_GenericMQTT/Middlewares/Third_Party/MQTTClient-C/MQTTClient.o
                0x0000000008005726                MQTTYield
 .text.MQTTConnectWithResults
                0x000000000800575c       0x98 B-L475E-IOT01_GenericMQTT/Middlewares/Third_Party/MQTTClient-C/MQTTClient.o
                0x000000000800575c                MQTTConnectWithResults
 .text.MQTTConnect
                0x00000000080057f4        0xe B-L475E-IOT01_GenericMQTT/Middlewares/Third_Party/MQTTClient-C/MQTTClient.o
                0x00000000080057f4                MQTTConnect
 .text.MQTTPublish
                0x0000000008005802       0xc8 B-L475E-IOT01_GenericMQTT/Middlewares/Third_Party/MQTTClient-C/MQTTClient.o
                0x0000000008005802                MQTTPublish
 .text.MQTTDisconnect
                0x00000000080058ca       0x3a B-L475E-IOT01_GenericMQTT/Middlewares/Third_Party/MQTTClient-C/MQTTClient.o
                0x00000000080058ca                MQTTDisconnect
 .text.MQTTSerialize_zero
                0x0000000008005904       0x32 B-L475E-IOT01_GenericMQTT/Middlewares/Third_Party/MQTTPacket/MQTTConnectClient.o
 *fill*         0x0000000008005936        0x2 
 .text.MQTTSerialize_connect
                0x0000000008005938      0x188 B-L475E-IOT01_GenericMQTT/Middlewares/Third_Party/MQTTPacket/MQTTConnectClient.o
                0x0000000008005938                MQTTSerialize_connect
 .text.MQTTDeserialize_connack
                0x0000000008005ac0       0x4c B-L475E-IOT01_GenericMQTT/Middlewares/Third_Party/MQTTPacket/MQTTConnectClient.o
                0x0000000008005ac0                MQTTDeserialize_connack
 .text.MQTTSerialize_disconnect
                0x0000000008005b0c        0x6 B-L475E-IOT01_GenericMQTT/Middlewares/Third_Party/MQTTPacket/MQTTConnectClient.o
                0x0000000008005b0c                MQTTSerialize_disconnect
 .text.MQTTSerialize_pingreq
                0x0000000008005b12        0x6 B-L475E-IOT01_GenericMQTT/Middlewares/Third_Party/MQTTPacket/MQTTConnectClient.o
                0x0000000008005b12                MQTTSerialize_pingreq
 .text.MQTTDeserialize_publish
                0x0000000008005b18       0x88 B-L475E-IOT01_GenericMQTT/Middlewares/Third_Party/MQTTPacket/MQTTDeserializePublish.o
                0x0000000008005b18                MQTTDeserialize_publish
 .text.MQTTDeserialize_ack
                0x0000000008005ba0       0x48 B-L475E-IOT01_GenericMQTT/Middlewares/Third_Party/MQTTPacket/MQTTDeserializePublish.o
                0x0000000008005ba0                MQTTDeserialize_ack
 .text.bufchar  0x0000000008005be8       0x2c B-L475E-IOT01_GenericMQTT/Middlewares/Third_Party/MQTTPacket/MQTTPacket.o
 .text.MQTTPacket_encode
                0x0000000008005c14       0x32 B-L475E-IOT01_GenericMQTT/Middlewares/Third_Party/MQTTPacket/MQTTPacket.o
                0x0000000008005c14                MQTTPacket_encode
 .text.MQTTPacket_decode
                0x0000000008005c46       0x3c B-L475E-IOT01_GenericMQTT/Middlewares/Third_Party/MQTTPacket/MQTTPacket.o
                0x0000000008005c46                MQTTPacket_decode
 *fill*         0x0000000008005c82        0x2 
 .text.MQTTPacket_len
                0x0000000008005c84       0x24 B-L475E-IOT01_GenericMQTT/Middlewares/Third_Party/MQTTPacket/MQTTPacket.o
                0x0000000008005c84                MQTTPacket_len
 .text.MQTTPacket_decodeBuf
                0x0000000008005ca8       0x14 B-L475E-IOT01_GenericMQTT/Middlewares/Third_Party/MQTTPacket/MQTTPacket.o
                0x0000000008005ca8                MQTTPacket_decodeBuf
 .text.readInt  0x0000000008005cbc       0x10 B-L475E-IOT01_GenericMQTT/Middlewares/Third_Party/MQTTPacket/MQTTPacket.o
                0x0000000008005cbc                readInt
 .text.readChar
                0x0000000008005ccc        0xc B-L475E-IOT01_GenericMQTT/Middlewares/Third_Party/MQTTPacket/MQTTPacket.o
                0x0000000008005ccc                readChar
 .text.writeChar
                0x0000000008005cd8        0xc B-L475E-IOT01_GenericMQTT/Middlewares/Third_Party/MQTTPacket/MQTTPacket.o
                0x0000000008005cd8                writeChar
 .text.writeInt
                0x0000000008005ce4       0x26 B-L475E-IOT01_GenericMQTT/Middlewares/Third_Party/MQTTPacket/MQTTPacket.o
                0x0000000008005ce4                writeInt
 .text.writeCString
                0x0000000008005d0a       0x28 B-L475E-IOT01_GenericMQTT/Middlewares/Third_Party/MQTTPacket/MQTTPacket.o
                0x0000000008005d0a                writeCString
 .text.writeMQTTString
                0x0000000008005d32       0x44 B-L475E-IOT01_GenericMQTT/Middlewares/Third_Party/MQTTPacket/MQTTPacket.o
                0x0000000008005d32                writeMQTTString
 .text.readMQTTLenString
                0x0000000008005d76       0x30 B-L475E-IOT01_GenericMQTT/Middlewares/Third_Party/MQTTPacket/MQTTPacket.o
                0x0000000008005d76                readMQTTLenString
 .text.MQTTstrlen
                0x0000000008005da6       0x18 B-L475E-IOT01_GenericMQTT/Middlewares/Third_Party/MQTTPacket/MQTTPacket.o
                0x0000000008005da6                MQTTstrlen
 .text.MQTTPacket_equals
                0x0000000008005dbe       0x36 B-L475E-IOT01_GenericMQTT/Middlewares/Third_Party/MQTTPacket/MQTTPacket.o
                0x0000000008005dbe                MQTTPacket_equals
 .text.MQTTSerialize_publish
                0x0000000008005df4       0xa0 B-L475E-IOT01_GenericMQTT/Middlewares/Third_Party/MQTTPacket/MQTTSerializePublish.o
                0x0000000008005df4                MQTTSerialize_publish
 .text.MQTTSerialize_ack
                0x0000000008005e94       0x4e B-L475E-IOT01_GenericMQTT/Middlewares/Third_Party/MQTTPacket/MQTTSerializePublish.o
                0x0000000008005e94                MQTTSerialize_ack
 .text.mbedtls_aes_init
                0x0000000008005ee2        0xa B-L475E-IOT01_GenericMQTT/Middlewares/Third_Party/MbedTLS/aes.o
                0x0000000008005ee2                mbedtls_aes_init
 .text.mbedtls_aes_free
                0x0000000008005eec       0x14 B-L475E-IOT01_GenericMQTT/Middlewares/Third_Party/MbedTLS/aes.o
                0x0000000008005eec                mbedtls_aes_free
 .text.mbedtls_aes_setkey_enc
                0x0000000008005f00      0x1dc B-L475E-IOT01_GenericMQTT/Middlewares/Third_Party/MbedTLS/aes.o
                0x0000000008005f00                mbedtls_aes_setkey_enc
 .text.mbedtls_aes_setkey_dec
                0x00000000080060dc       0xdc B-L475E-IOT01_GenericMQTT/Middlewares/Third_Party/MbedTLS/aes.o
                0x00000000080060dc                mbedtls_aes_setkey_dec
 .text.mbedtls_internal_aes_encrypt
                0x00000000080061b8      0x2b8 B-L475E-IOT01_GenericMQTT/Middlewares/Third_Party/MbedTLS/aes.o
                0x00000000080061b8                mbedtls_internal_aes_encrypt
 .text.mbedtls_internal_aes_decrypt
                0x0000000008006470      0x2c0 B-L475E-IOT01_GenericMQTT/Middlewares/Third_Party/MbedTLS/aes.o
                0x0000000008006470                mbedtls_internal_aes_decrypt
 .text.mbedtls_aes_crypt_cbc.part.0
                0x0000000008006730       0x7a B-L475E-IOT01_GenericMQTT/Middlewares/Third_Party/MbedTLS/aes.o
 .text.mbedtls_aes_crypt_ecb
                0x00000000080067aa       0x1c B-L475E-IOT01_GenericMQTT/Middlewares/Third_Party/MbedTLS/aes.o
                0x00000000080067aa                mbedtls_aes_crypt_ecb
 .text.mbedtls_aes_crypt_cbc
                0x00000000080067c6       0x76 B-L475E-IOT01_GenericMQTT/Middlewares/Third_Party/MbedTLS/aes.o
                0x00000000080067c6                mbedtls_aes_crypt_cbc
 .text.mbedtls_asn1_get_len
                0x000000000800683c       0x8e B-L475E-IOT01_GenericMQTT/Middlewares/Third_Party/MbedTLS/asn1parse.o
                0x000000000800683c                mbedtls_asn1_get_len
 .text.mbedtls_asn1_get_tag
                0x00000000080068ca       0x28 B-L475E-IOT01_GenericMQTT/Middlewares/Third_Party/MbedTLS/asn1parse.o
                0x00000000080068ca                mbedtls_asn1_get_tag
 .text.mbedtls_asn1_get_bool
                0x00000000080068f2       0x30 B-L475E-IOT01_GenericMQTT/Middlewares/Third_Party/MbedTLS/asn1parse.o
                0x00000000080068f2                mbedtls_asn1_get_bool
 .text.mbedtls_asn1_get_int
                0x0000000008006922       0x48 B-L475E-IOT01_GenericMQTT/Middlewares/Third_Party/MbedTLS/asn1parse.o
                0x0000000008006922                mbedtls_asn1_get_int
 .text.mbedtls_asn1_get_mpi
                0x000000000800696a       0x26 B-L475E-IOT01_GenericMQTT/Middlewares/Third_Party/MbedTLS/asn1parse.o
                0x000000000800696a                mbedtls_asn1_get_mpi
 .text.mbedtls_asn1_get_bitstring
                0x0000000008006990       0x46 B-L475E-IOT01_GenericMQTT/Middlewares/Third_Party/MbedTLS/asn1parse.o
                0x0000000008006990                mbedtls_asn1_get_bitstring
 .text.mbedtls_asn1_get_bitstring_null
                0x00000000080069d6       0x28 B-L475E-IOT01_GenericMQTT/Middlewares/Third_Party/MbedTLS/asn1parse.o
                0x00000000080069d6                mbedtls_asn1_get_bitstring_null
 *fill*         0x00000000080069fe        0x2 
 .text.mbedtls_asn1_get_sequence_of
                0x0000000008006a00       0x88 B-L475E-IOT01_GenericMQTT/Middlewares/Third_Party/MbedTLS/asn1parse.o
                0x0000000008006a00                mbedtls_asn1_get_sequence_of
 .text.mbedtls_asn1_get_alg
                0x0000000008006a88       0xa0 B-L475E-IOT01_GenericMQTT/Middlewares/Third_Party/MbedTLS/asn1parse.o
                0x0000000008006a88                mbedtls_asn1_get_alg
 .text.mbedtls_asn1_get_alg_null
                0x0000000008006b28       0x30 B-L475E-IOT01_GenericMQTT/Middlewares/Third_Party/MbedTLS/asn1parse.o
                0x0000000008006b28                mbedtls_asn1_get_alg_null
 .text.mbedtls_asn1_write_len
                0x0000000008006b58       0xe8 B-L475E-IOT01_GenericMQTT/Middlewares/Third_Party/MbedTLS/asn1write.o
                0x0000000008006b58                mbedtls_asn1_write_len
 .text.mbedtls_asn1_write_tag
                0x0000000008006c40       0x1c B-L475E-IOT01_GenericMQTT/Middlewares/Third_Party/MbedTLS/asn1write.o
                0x0000000008006c40                mbedtls_asn1_write_tag
 .text.mbedtls_asn1_write_mpi
                0x0000000008006c5c       0x80 B-L475E-IOT01_GenericMQTT/Middlewares/Third_Party/MbedTLS/asn1write.o
                0x0000000008006c5c                mbedtls_asn1_write_mpi
 .text.mbedtls_base64_decode
                0x0000000008006cdc      0x128 B-L475E-IOT01_GenericMQTT/Middlewares/Third_Party/MbedTLS/base64.o
                0x0000000008006cdc                mbedtls_base64_decode
 .text.mpi_sub_hlp
                0x0000000008006e04       0x54 B-L475E-IOT01_GenericMQTT/Middlewares/Third_Party/MbedTLS/bignum.o
 .text.mpi_mul_hlp
                0x0000000008006e58      0x2e4 B-L475E-IOT01_GenericMQTT/Middlewares/Third_Party/MbedTLS/bignum.o
 .text.mbedtls_mpi_init
                0x000000000800713c        0xe B-L475E-IOT01_GenericMQTT/Middlewares/Third_Party/MbedTLS/bignum.o
                0x000000000800713c                mbedtls_mpi_init
 *fill*         0x000000000800714a        0x2 
 .text.mbedtls_mpi_free
                0x000000000800714c       0x34 B-L475E-IOT01_GenericMQTT/Middlewares/Third_Party/MbedTLS/bignum.o
                0x000000000800714c                mbedtls_mpi_free
 .text.mbedtls_mpi_grow
                0x0000000008007180       0x60 B-L475E-IOT01_GenericMQTT/Middlewares/Third_Party/MbedTLS/bignum.o
                0x0000000008007180                mbedtls_mpi_grow
 .text.mbedtls_mpi_shrink
                0x00000000080071e0       0x7c B-L475E-IOT01_GenericMQTT/Middlewares/Third_Party/MbedTLS/bignum.o
                0x00000000080071e0                mbedtls_mpi_shrink
 .text.mbedtls_mpi_copy
                0x000000000800725c       0x54 B-L475E-IOT01_GenericMQTT/Middlewares/Third_Party/MbedTLS/bignum.o
                0x000000000800725c                mbedtls_mpi_copy
 .text.mbedtls_mpi_safe_cond_assign
                0x00000000080072b0       0x6a B-L475E-IOT01_GenericMQTT/Middlewares/Third_Party/MbedTLS/bignum.o
                0x00000000080072b0                mbedtls_mpi_safe_cond_assign
 .text.mbedtls_mpi_lset
                0x000000000800731a       0x38 B-L475E-IOT01_GenericMQTT/Middlewares/Third_Party/MbedTLS/bignum.o
                0x000000000800731a                mbedtls_mpi_lset
 .text.mbedtls_mpi_get_bit
                0x0000000008007352       0x20 B-L475E-IOT01_GenericMQTT/Middlewares/Third_Party/MbedTLS/bignum.o
                0x0000000008007352                mbedtls_mpi_get_bit
 .text.mbedtls_mpi_lsb
                0x0000000008007372       0x36 B-L475E-IOT01_GenericMQTT/Middlewares/Third_Party/MbedTLS/bignum.o
                0x0000000008007372                mbedtls_mpi_lsb
 .text.mbedtls_mpi_bitlen
                0x00000000080073a8       0x40 B-L475E-IOT01_GenericMQTT/Middlewares/Third_Party/MbedTLS/bignum.o
                0x00000000080073a8                mbedtls_mpi_bitlen
 .text.mbedtls_mpi_size
                0x00000000080073e8        0xc B-L475E-IOT01_GenericMQTT/Middlewares/Third_Party/MbedTLS/bignum.o
                0x00000000080073e8                mbedtls_mpi_size
 .text.mbedtls_mpi_read_binary
                0x00000000080073f4       0x66 B-L475E-IOT01_GenericMQTT/Middlewares/Third_Party/MbedTLS/bignum.o
                0x00000000080073f4                mbedtls_mpi_read_binary
 .text.mbedtls_mpi_write_binary
                0x000000000800745a       0x46 B-L475E-IOT01_GenericMQTT/Middlewares/Third_Party/MbedTLS/bignum.o
                0x000000000800745a                mbedtls_mpi_write_binary
 .text.mbedtls_mpi_shift_l
                0x00000000080074a0       0x90 B-L475E-IOT01_GenericMQTT/Middlewares/Third_Party/MbedTLS/bignum.o
                0x00000000080074a0                mbedtls_mpi_shift_l
 .text.mbedtls_mpi_shift_r
                0x0000000008007530       0x76 B-L475E-IOT01_GenericMQTT/Middlewares/Third_Party/MbedTLS/bignum.o
                0x0000000008007530                mbedtls_mpi_shift_r
 .text.mbedtls_mpi_cmp_abs
                0x00000000080075a6       0x62 B-L475E-IOT01_GenericMQTT/Middlewares/Third_Party/MbedTLS/bignum.o
                0x00000000080075a6                mbedtls_mpi_cmp_abs
 .text.mpi_montmul
                0x0000000008007608       0xc8 B-L475E-IOT01_GenericMQTT/Middlewares/Third_Party/MbedTLS/bignum.o
 .text.mbedtls_mpi_cmp_mpi
                0x00000000080076d0       0x80 B-L475E-IOT01_GenericMQTT/Middlewares/Third_Party/MbedTLS/bignum.o
                0x00000000080076d0                mbedtls_mpi_cmp_mpi
 .text.mbedtls_mpi_cmp_int
                0x0000000008007750       0x2c B-L475E-IOT01_GenericMQTT/Middlewares/Third_Party/MbedTLS/bignum.o
                0x0000000008007750                mbedtls_mpi_cmp_int
 .text.mbedtls_mpi_add_abs
                0x000000000800777c       0xc6 B-L475E-IOT01_GenericMQTT/Middlewares/Third_Party/MbedTLS/bignum.o
                0x000000000800777c                mbedtls_mpi_add_abs
 .text.mbedtls_mpi_sub_abs
                0x0000000008007842       0x7c B-L475E-IOT01_GenericMQTT/Middlewares/Third_Party/MbedTLS/bignum.o
                0x0000000008007842                mbedtls_mpi_sub_abs
 .text.mbedtls_mpi_add_mpi
                0x00000000080078be       0x44 B-L475E-IOT01_GenericMQTT/Middlewares/Third_Party/MbedTLS/bignum.o
                0x00000000080078be                mbedtls_mpi_add_mpi
 .text.mbedtls_mpi_sub_mpi
                0x0000000008007902       0x46 B-L475E-IOT01_GenericMQTT/Middlewares/Third_Party/MbedTLS/bignum.o
                0x0000000008007902                mbedtls_mpi_sub_mpi
 .text.mbedtls_mpi_sub_int
                0x0000000008007948       0x2c B-L475E-IOT01_GenericMQTT/Middlewares/Third_Party/MbedTLS/bignum.o
                0x0000000008007948                mbedtls_mpi_sub_int
 .text.mbedtls_mpi_mul_mpi
                0x0000000008007974       0xd4 B-L475E-IOT01_GenericMQTT/Middlewares/Third_Party/MbedTLS/bignum.o
                0x0000000008007974                mbedtls_mpi_mul_mpi
 .text.mbedtls_mpi_mul_int
                0x0000000008007a48       0x1a B-L475E-IOT01_GenericMQTT/Middlewares/Third_Party/MbedTLS/bignum.o
                0x0000000008007a48                mbedtls_mpi_mul_int
 .text.mbedtls_mpi_div_mpi
                0x0000000008007a62      0x36c B-L475E-IOT01_GenericMQTT/Middlewares/Third_Party/MbedTLS/bignum.o
                0x0000000008007a62                mbedtls_mpi_div_mpi
 .text.mbedtls_mpi_mod_mpi
                0x0000000008007dce       0x64 B-L475E-IOT01_GenericMQTT/Middlewares/Third_Party/MbedTLS/bignum.o
                0x0000000008007dce                mbedtls_mpi_mod_mpi
 .text.mbedtls_mpi_exp_mod
                0x0000000008007e32      0x46e B-L475E-IOT01_GenericMQTT/Middlewares/Third_Party/MbedTLS/bignum.o
                0x0000000008007e32                mbedtls_mpi_exp_mod
 .text.mbedtls_mpi_gcd
                0x00000000080082a0      0x108 B-L475E-IOT01_GenericMQTT/Middlewares/Third_Party/MbedTLS/bignum.o
                0x00000000080082a0                mbedtls_mpi_gcd
 .text.mbedtls_mpi_fill_random
                0x00000000080083a8       0x32 B-L475E-IOT01_GenericMQTT/Middlewares/Third_Party/MbedTLS/bignum.o
                0x00000000080083a8                mbedtls_mpi_fill_random
 .text.mbedtls_mpi_inv_mod
                0x00000000080083da      0x2a6 B-L475E-IOT01_GenericMQTT/Middlewares/Third_Party/MbedTLS/bignum.o
                0x00000000080083da                mbedtls_mpi_inv_mod
 .text.mbedtls_cipher_get_block_size
                0x0000000008008680        0xa B-L475E-IOT01_GenericMQTT/Middlewares/Third_Party/MbedTLS/cipher.o
 .text.add_pkcs_padding
                0x000000000800868a       0x18 B-L475E-IOT01_GenericMQTT/Middlewares/Third_Party/MbedTLS/cipher.o
 *fill*         0x00000000080086a2        0x2 
 .text.get_pkcs_padding
                0x00000000080086a4       0x54 B-L475E-IOT01_GenericMQTT/Middlewares/Third_Party/MbedTLS/cipher.o
 .text.add_one_and_zeros_padding
                0x00000000080086f8       0x1c B-L475E-IOT01_GenericMQTT/Middlewares/Third_Party/MbedTLS/cipher.o
 .text.add_zeros_and_len_padding
                0x0000000008008714       0x22 B-L475E-IOT01_GenericMQTT/Middlewares/Third_Party/MbedTLS/cipher.o
 *fill*         0x0000000008008736        0x2 
 .text.get_zeros_and_len_padding
                0x0000000008008738       0x50 B-L475E-IOT01_GenericMQTT/Middlewares/Third_Party/MbedTLS/cipher.o
 .text.add_zeros_padding
                0x0000000008008788       0x14 B-L475E-IOT01_GenericMQTT/Middlewares/Third_Party/MbedTLS/cipher.o
 .text.get_no_padding
                0x000000000800879c       0x14 B-L475E-IOT01_GenericMQTT/Middlewares/Third_Party/MbedTLS/cipher.o
 .text.get_one_and_zeros_padding
                0x00000000080087b0       0x5c B-L475E-IOT01_GenericMQTT/Middlewares/Third_Party/MbedTLS/cipher.o
 .text.get_zeros_padding
                0x000000000800880c       0x3c B-L475E-IOT01_GenericMQTT/Middlewares/Third_Party/MbedTLS/cipher.o
 .text.mbedtls_cipher_info_from_type
                0x0000000008008848       0x1c B-L475E-IOT01_GenericMQTT/Middlewares/Third_Party/MbedTLS/cipher.o
                0x0000000008008848                mbedtls_cipher_info_from_type
 .text.mbedtls_cipher_info_from_values
                0x0000000008008864       0x28 B-L475E-IOT01_GenericMQTT/Middlewares/Third_Party/MbedTLS/cipher.o
                0x0000000008008864                mbedtls_cipher_info_from_values
 .text.mbedtls_cipher_init
                0x000000000800888c        0x8 B-L475E-IOT01_GenericMQTT/Middlewares/Third_Party/MbedTLS/cipher.o
                0x000000000800888c                mbedtls_cipher_init
 .text.mbedtls_cipher_free
                0x0000000008008894       0x24 B-L475E-IOT01_GenericMQTT/Middlewares/Third_Party/MbedTLS/cipher.o
                0x0000000008008894                mbedtls_cipher_free
 .text.mbedtls_cipher_setkey
                0x00000000080088b8       0x44 B-L475E-IOT01_GenericMQTT/Middlewares/Third_Party/MbedTLS/cipher.o
                0x00000000080088b8                mbedtls_cipher_setkey
 .text.mbedtls_cipher_set_iv
                0x00000000080088fc       0x40 B-L475E-IOT01_GenericMQTT/Middlewares/Third_Party/MbedTLS/cipher.o
                0x00000000080088fc                mbedtls_cipher_set_iv
 .text.mbedtls_cipher_reset
                0x000000000800893c       0x18 B-L475E-IOT01_GenericMQTT/Middlewares/Third_Party/MbedTLS/cipher.o
                0x000000000800893c                mbedtls_cipher_reset
 .text.mbedtls_cipher_update
                0x0000000008008954      0x184 B-L475E-IOT01_GenericMQTT/Middlewares/Third_Party/MbedTLS/cipher.o
                0x0000000008008954                mbedtls_cipher_update
 .text.mbedtls_cipher_finish
                0x0000000008008ad8       0xc8 B-L475E-IOT01_GenericMQTT/Middlewares/Third_Party/MbedTLS/cipher.o
                0x0000000008008ad8                mbedtls_cipher_finish
 .text.mbedtls_cipher_set_padding_mode
                0x0000000008008ba0       0x7c B-L475E-IOT01_GenericMQTT/Middlewares/Third_Party/MbedTLS/cipher.o
                0x0000000008008ba0                mbedtls_cipher_set_padding_mode
 .text.mbedtls_cipher_setup
                0x0000000008008c1c       0x3c B-L475E-IOT01_GenericMQTT/Middlewares/Third_Party/MbedTLS/cipher.o
                0x0000000008008c1c                mbedtls_cipher_setup
 .text.mbedtls_cipher_crypt
                0x0000000008008c58       0x44 B-L475E-IOT01_GenericMQTT/Middlewares/Third_Party/MbedTLS/cipher.o
                0x0000000008008c58                mbedtls_cipher_crypt
 .text.mbedtls_cipher_auth_encrypt
                0x0000000008008c9c       0x48 B-L475E-IOT01_GenericMQTT/Middlewares/Third_Party/MbedTLS/cipher.o
                0x0000000008008c9c                mbedtls_cipher_auth_encrypt
 .text.mbedtls_cipher_auth_decrypt
                0x0000000008008ce4       0x50 B-L475E-IOT01_GenericMQTT/Middlewares/Third_Party/MbedTLS/cipher.o
                0x0000000008008ce4                mbedtls_cipher_auth_decrypt
 .text.gcm_ctx_free
                0x0000000008008d34       0x18 B-L475E-IOT01_GenericMQTT/Middlewares/Third_Party/MbedTLS/cipher_wrap.o
 .text.gcm_ctx_alloc
                0x0000000008008d4c       0x20 B-L475E-IOT01_GenericMQTT/Middlewares/Third_Party/MbedTLS/cipher_wrap.o
 .text.gcm_aes_setkey_wrap
                0x0000000008008d6c        0xa B-L475E-IOT01_GenericMQTT/Middlewares/Third_Party/MbedTLS/cipher_wrap.o
 *fill*         0x0000000008008d76        0x2 
 .text.aes_ctx_free
                0x0000000008008d78       0x18 B-L475E-IOT01_GenericMQTT/Middlewares/Third_Party/MbedTLS/cipher_wrap.o
 .text.aes_ctx_alloc
                0x0000000008008d90       0x20 B-L475E-IOT01_GenericMQTT/Middlewares/Third_Party/MbedTLS/cipher_wrap.o
 .text.aes_setkey_dec_wrap
                0x0000000008008db0        0x4 B-L475E-IOT01_GenericMQTT/Middlewares/Third_Party/MbedTLS/cipher_wrap.o
 .text.aes_setkey_enc_wrap
                0x0000000008008db4        0x4 B-L475E-IOT01_GenericMQTT/Middlewares/Third_Party/MbedTLS/cipher_wrap.o
 .text.aes_crypt_cbc_wrap
                0x0000000008008db8        0x4 B-L475E-IOT01_GenericMQTT/Middlewares/Third_Party/MbedTLS/cipher_wrap.o
 .text.aes_crypt_ecb_wrap
                0x0000000008008dbc        0x4 B-L475E-IOT01_GenericMQTT/Middlewares/Third_Party/MbedTLS/cipher_wrap.o
 .text.block_cipher_df
                0x0000000008008dc0      0x10c B-L475E-IOT01_GenericMQTT/Middlewares/Third_Party/MbedTLS/ctr_drbg.o
 .text.ctr_drbg_update_internal
                0x0000000008008ecc       0x80 B-L475E-IOT01_GenericMQTT/Middlewares/Third_Party/MbedTLS/ctr_drbg.o
 .text.mbedtls_ctr_drbg_free.part.0
                0x0000000008008f4c       0x1c B-L475E-IOT01_GenericMQTT/Middlewares/Third_Party/MbedTLS/ctr_drbg.o
 .text.mbedtls_ctr_drbg_init
                0x0000000008008f68        0xa B-L475E-IOT01_GenericMQTT/Middlewares/Third_Party/MbedTLS/ctr_drbg.o
                0x0000000008008f68                mbedtls_ctr_drbg_init
 .text.mbedtls_ctr_drbg_free
                0x0000000008008f72        0x8 B-L475E-IOT01_GenericMQTT/Middlewares/Third_Party/MbedTLS/ctr_drbg.o
                0x0000000008008f72                mbedtls_ctr_drbg_free
 .text.mbedtls_ctr_drbg_reseed
                0x0000000008008f7a       0x7c B-L475E-IOT01_GenericMQTT/Middlewares/Third_Party/MbedTLS/ctr_drbg.o
                0x0000000008008f7a                mbedtls_ctr_drbg_reseed
 .text.mbedtls_ctr_drbg_seed_entropy_len
                0x0000000008008ff6       0x50 B-L475E-IOT01_GenericMQTT/Middlewares/Third_Party/MbedTLS/ctr_drbg.o
                0x0000000008008ff6                mbedtls_ctr_drbg_seed_entropy_len
 .text.mbedtls_ctr_drbg_seed
                0x0000000008009046       0x12 B-L475E-IOT01_GenericMQTT/Middlewares/Third_Party/MbedTLS/ctr_drbg.o
                0x0000000008009046                mbedtls_ctr_drbg_seed
 .text.mbedtls_ctr_drbg_random_with_add
                0x0000000008009058       0xb8 B-L475E-IOT01_GenericMQTT/Middlewares/Third_Party/MbedTLS/ctr_drbg.o
                0x0000000008009058                mbedtls_ctr_drbg_random_with_add
 .text.mbedtls_ctr_drbg_random
                0x0000000008009110       0x10 B-L475E-IOT01_GenericMQTT/Middlewares/Third_Party/MbedTLS/ctr_drbg.o
                0x0000000008009110                mbedtls_ctr_drbg_random
 .text.debug_send_line.isra.0
                0x0000000008009120        0xe B-L475E-IOT01_GenericMQTT/Middlewares/Third_Party/MbedTLS/debug.o
 *fill*         0x000000000800912e        0x2 
 .text.mbedtls_debug_print_mpi.part.1
                0x0000000008009130      0x140 B-L475E-IOT01_GenericMQTT/Middlewares/Third_Party/MbedTLS/debug.o
 .text.mbedtls_debug_set_threshold
                0x0000000008009270        0xc B-L475E-IOT01_GenericMQTT/Middlewares/Third_Party/MbedTLS/debug.o
                0x0000000008009270                mbedtls_debug_set_threshold
 .text.mbedtls_debug_print_msg
                0x000000000800927c       0x60 B-L475E-IOT01_GenericMQTT/Middlewares/Third_Party/MbedTLS/debug.o
                0x000000000800927c                mbedtls_debug_print_msg
 .text.mbedtls_debug_print_ret
                0x00000000080092dc       0x5c B-L475E-IOT01_GenericMQTT/Middlewares/Third_Party/MbedTLS/debug.o
                0x00000000080092dc                mbedtls_debug_print_ret
 .text.mbedtls_debug_print_buf
                0x0000000008009338      0x13c B-L475E-IOT01_GenericMQTT/Middlewares/Third_Party/MbedTLS/debug.o
                0x0000000008009338                mbedtls_debug_print_buf
 .text.mbedtls_debug_print_mpi
                0x0000000008009474       0x24 B-L475E-IOT01_GenericMQTT/Middlewares/Third_Party/MbedTLS/debug.o
                0x0000000008009474                mbedtls_debug_print_mpi
 .text.mbedtls_debug_print_ecp.part.2
                0x0000000008009498       0x64 B-L475E-IOT01_GenericMQTT/Middlewares/Third_Party/MbedTLS/debug.o
 .text.mbedtls_debug_print_ecp
                0x00000000080094fc       0x20 B-L475E-IOT01_GenericMQTT/Middlewares/Third_Party/MbedTLS/debug.o
                0x00000000080094fc                mbedtls_debug_print_ecp
 .text.mbedtls_debug_print_crt
                0x000000000800951c      0x184 B-L475E-IOT01_GenericMQTT/Middlewares/Third_Party/MbedTLS/debug.o
                0x000000000800951c                mbedtls_debug_print_crt
 .text.mbedtls_ecdh_compute_shared
                0x00000000080096a0       0x60 B-L475E-IOT01_GenericMQTT/Middlewares/Third_Party/MbedTLS/ecdh.o
                0x00000000080096a0                mbedtls_ecdh_compute_shared
 .text.mbedtls_ecdh_init
                0x0000000008009700        0xa B-L475E-IOT01_GenericMQTT/Middlewares/Third_Party/MbedTLS/ecdh.o
                0x0000000008009700                mbedtls_ecdh_init
 .text.mbedtls_ecdh_free
                0x000000000800970a       0x48 B-L475E-IOT01_GenericMQTT/Middlewares/Third_Party/MbedTLS/ecdh.o
                0x000000000800970a                mbedtls_ecdh_free
 .text.mbedtls_ecdh_read_params
                0x0000000008009752       0x28 B-L475E-IOT01_GenericMQTT/Middlewares/Third_Party/MbedTLS/ecdh.o
                0x0000000008009752                mbedtls_ecdh_read_params
 *fill*         0x000000000800977a        0x2 
 .text.mbedtls_ecdh_make_public
                0x000000000800977c       0x4c B-L475E-IOT01_GenericMQTT/Middlewares/Third_Party/MbedTLS/ecdh.o
                0x000000000800977c                mbedtls_ecdh_make_public
 .text.mbedtls_ecdh_calc_secret
                0x00000000080097c8       0x60 B-L475E-IOT01_GenericMQTT/Middlewares/Third_Party/MbedTLS/ecdh.o
                0x00000000080097c8                mbedtls_ecdh_calc_secret
 .text.derive_mpi
                0x0000000008009828       0x58 B-L475E-IOT01_GenericMQTT/Middlewares/Third_Party/MbedTLS/ecdsa.o
 .text.mbedtls_ecdsa_sign
                0x0000000008009880      0x180 B-L475E-IOT01_GenericMQTT/Middlewares/Third_Party/MbedTLS/ecdsa.o
                0x0000000008009880                mbedtls_ecdsa_sign
 .text.mbedtls_ecdsa_sign_det
                0x0000000008009a00       0xa8 B-L475E-IOT01_GenericMQTT/Middlewares/Third_Party/MbedTLS/ecdsa.o
                0x0000000008009a00                mbedtls_ecdsa_sign_det
 .text.mbedtls_ecdsa_verify
                0x0000000008009aa8      0x13c B-L475E-IOT01_GenericMQTT/Middlewares/Third_Party/MbedTLS/ecdsa.o
                0x0000000008009aa8                mbedtls_ecdsa_verify
 .text.mbedtls_ecdsa_write_signature
                0x0000000008009be4       0xa2 B-L475E-IOT01_GenericMQTT/Middlewares/Third_Party/MbedTLS/ecdsa.o
                0x0000000008009be4                mbedtls_ecdsa_write_signature
 *fill*         0x0000000008009c86        0x2 
 .text.mbedtls_ecdsa_read_signature
                0x0000000008009c88       0xa0 B-L475E-IOT01_GenericMQTT/Middlewares/Third_Party/MbedTLS/ecdsa.o
                0x0000000008009c88                mbedtls_ecdsa_read_signature
 .text.mbedtls_ecdsa_from_keypair
                0x0000000008009d28       0x38 B-L475E-IOT01_GenericMQTT/Middlewares/Third_Party/MbedTLS/ecdsa.o
                0x0000000008009d28                mbedtls_ecdsa_from_keypair
 .text.mbedtls_ecdsa_init
                0x0000000008009d60        0x4 B-L475E-IOT01_GenericMQTT/Middlewares/Third_Party/MbedTLS/ecdsa.o
                0x0000000008009d60                mbedtls_ecdsa_init
 .text.mbedtls_ecdsa_free
                0x0000000008009d64        0x4 B-L475E-IOT01_GenericMQTT/Middlewares/Third_Party/MbedTLS/ecdsa.o
                0x0000000008009d64                mbedtls_ecdsa_free
 .text.ecp_get_type
                0x0000000008009d68       0x14 B-L475E-IOT01_GenericMQTT/Middlewares/Third_Party/MbedTLS/ecp.o
 .text.ecp_safe_invert_jac
                0x0000000008009d7c       0x46 B-L475E-IOT01_GenericMQTT/Middlewares/Third_Party/MbedTLS/ecp.o
 .text.ecp_select_comb
                0x0000000008009dc2       0x64 B-L475E-IOT01_GenericMQTT/Middlewares/Third_Party/MbedTLS/ecp.o
 *fill*         0x0000000008009e26        0x2 
 .text.ecp_modp
                0x0000000008009e28       0x8c B-L475E-IOT01_GenericMQTT/Middlewares/Third_Party/MbedTLS/ecp.o
 .text.ecp_double_jac
                0x0000000008009eb4      0x500 B-L475E-IOT01_GenericMQTT/Middlewares/Third_Party/MbedTLS/ecp.o
 .text.ecp_normalize_jac
                0x000000000800a3b4       0xe4 B-L475E-IOT01_GenericMQTT/Middlewares/Third_Party/MbedTLS/ecp.o
 .text.ecp_normalize_jac_many
                0x000000000800a498      0x274 B-L475E-IOT01_GenericMQTT/Middlewares/Third_Party/MbedTLS/ecp.o
 .text.mbedtls_ecp_point_init.part.2
                0x000000000800a70c       0x1c B-L475E-IOT01_GenericMQTT/Middlewares/Third_Party/MbedTLS/ecp.o
 .text.mbedtls_ecp_point_free.part.4
                0x000000000800a728       0x1c B-L475E-IOT01_GenericMQTT/Middlewares/Third_Party/MbedTLS/ecp.o
 .text.mbedtls_ecp_grp_id_list
                0x000000000800a744       0x34 B-L475E-IOT01_GenericMQTT/Middlewares/Third_Party/MbedTLS/ecp.o
                0x000000000800a744                mbedtls_ecp_grp_id_list
 .text.mbedtls_ecp_curve_info_from_grp_id
                0x000000000800a778       0x20 B-L475E-IOT01_GenericMQTT/Middlewares/Third_Party/MbedTLS/ecp.o
                0x000000000800a778                mbedtls_ecp_curve_info_from_grp_id
 .text.mbedtls_ecp_curve_info_from_tls_id
                0x000000000800a798       0x1c B-L475E-IOT01_GenericMQTT/Middlewares/Third_Party/MbedTLS/ecp.o
                0x000000000800a798                mbedtls_ecp_curve_info_from_tls_id
 .text.mbedtls_ecp_point_init
                0x000000000800a7b4        0x8 B-L475E-IOT01_GenericMQTT/Middlewares/Third_Party/MbedTLS/ecp.o
                0x000000000800a7b4                mbedtls_ecp_point_init
 .text.mbedtls_ecp_group_init
                0x000000000800a7bc        0xc B-L475E-IOT01_GenericMQTT/Middlewares/Third_Party/MbedTLS/ecp.o
                0x000000000800a7bc                mbedtls_ecp_group_init
 .text.mbedtls_ecp_keypair_init
                0x000000000800a7c8       0x20 B-L475E-IOT01_GenericMQTT/Middlewares/Third_Party/MbedTLS/ecp.o
                0x000000000800a7c8                mbedtls_ecp_keypair_init
 .text.mbedtls_ecp_point_free
                0x000000000800a7e8        0x8 B-L475E-IOT01_GenericMQTT/Middlewares/Third_Party/MbedTLS/ecp.o
                0x000000000800a7e8                mbedtls_ecp_point_free
 .text.mbedtls_ecp_group_free
                0x000000000800a7f0       0x6c B-L475E-IOT01_GenericMQTT/Middlewares/Third_Party/MbedTLS/ecp.o
                0x000000000800a7f0                mbedtls_ecp_group_free
 .text.mbedtls_ecp_keypair_free
                0x000000000800a85c       0x20 B-L475E-IOT01_GenericMQTT/Middlewares/Third_Party/MbedTLS/ecp.o
                0x000000000800a85c                mbedtls_ecp_keypair_free
 .text.mbedtls_ecp_copy
                0x000000000800a87c       0x2c B-L475E-IOT01_GenericMQTT/Middlewares/Third_Party/MbedTLS/ecp.o
                0x000000000800a87c                mbedtls_ecp_copy
 .text.mbedtls_ecp_group_copy
                0x000000000800a8a8        0x6 B-L475E-IOT01_GenericMQTT/Middlewares/Third_Party/MbedTLS/ecp.o
                0x000000000800a8a8                mbedtls_ecp_group_copy
 .text.mbedtls_ecp_set_zero
                0x000000000800a8ae       0x28 B-L475E-IOT01_GenericMQTT/Middlewares/Third_Party/MbedTLS/ecp.o
                0x000000000800a8ae                mbedtls_ecp_set_zero
 *fill*         0x000000000800a8d6        0x2 
 .text.ecp_add_mixed
                0x000000000800a8d8      0x454 B-L475E-IOT01_GenericMQTT/Middlewares/Third_Party/MbedTLS/ecp.o
 .text.ecp_mul_comb
                0x000000000800ad2c      0x4e4 B-L475E-IOT01_GenericMQTT/Middlewares/Third_Party/MbedTLS/ecp.o
 .text.mbedtls_ecp_is_zero
                0x000000000800b210       0x12 B-L475E-IOT01_GenericMQTT/Middlewares/Third_Party/MbedTLS/ecp.o
                0x000000000800b210                mbedtls_ecp_is_zero
 *fill*         0x000000000800b222        0x2 
 .text.mbedtls_ecp_point_write_binary
                0x000000000800b224       0xa0 B-L475E-IOT01_GenericMQTT/Middlewares/Third_Party/MbedTLS/ecp.o
                0x000000000800b224                mbedtls_ecp_point_write_binary
 .text.mbedtls_ecp_point_read_binary
                0x000000000800b2c4       0x70 B-L475E-IOT01_GenericMQTT/Middlewares/Third_Party/MbedTLS/ecp.o
                0x000000000800b2c4                mbedtls_ecp_point_read_binary
 .text.mbedtls_ecp_tls_read_point
                0x000000000800b334       0x30 B-L475E-IOT01_GenericMQTT/Middlewares/Third_Party/MbedTLS/ecp.o
                0x000000000800b334                mbedtls_ecp_tls_read_point
 .text.mbedtls_ecp_tls_write_point
                0x000000000800b364       0x30 B-L475E-IOT01_GenericMQTT/Middlewares/Third_Party/MbedTLS/ecp.o
                0x000000000800b364                mbedtls_ecp_tls_write_point
 .text.mbedtls_ecp_tls_read_group
                0x000000000800b394       0x48 B-L475E-IOT01_GenericMQTT/Middlewares/Third_Party/MbedTLS/ecp.o
                0x000000000800b394                mbedtls_ecp_tls_read_group
 .text.mbedtls_ecp_check_pubkey
                0x000000000800b3dc      0x18c B-L475E-IOT01_GenericMQTT/Middlewares/Third_Party/MbedTLS/ecp.o
                0x000000000800b3dc                mbedtls_ecp_check_pubkey
 .text.mbedtls_ecp_check_privkey
                0x000000000800b568       0x3c B-L475E-IOT01_GenericMQTT/Middlewares/Third_Party/MbedTLS/ecp.o
                0x000000000800b568                mbedtls_ecp_check_privkey
 .text.mbedtls_ecp_mul
                0x000000000800b5a4       0x60 B-L475E-IOT01_GenericMQTT/Middlewares/Third_Party/MbedTLS/ecp.o
                0x000000000800b5a4                mbedtls_ecp_mul
 .text.mbedtls_ecp_mul_shortcuts
                0x000000000800b604       0x6a B-L475E-IOT01_GenericMQTT/Middlewares/Third_Party/MbedTLS/ecp.o
 *fill*         0x000000000800b66e        0x2 
 .text.mbedtls_ecp_muladd
                0x000000000800b670       0x68 B-L475E-IOT01_GenericMQTT/Middlewares/Third_Party/MbedTLS/ecp.o
                0x000000000800b670                mbedtls_ecp_muladd
 .text.mbedtls_ecp_gen_keypair_base
                0x000000000800b6d8       0x98 B-L475E-IOT01_GenericMQTT/Middlewares/Third_Party/MbedTLS/ecp.o
                0x000000000800b6d8                mbedtls_ecp_gen_keypair_base
 .text.mbedtls_ecp_gen_keypair
                0x000000000800b770       0x18 B-L475E-IOT01_GenericMQTT/Middlewares/Third_Party/MbedTLS/ecp.o
                0x000000000800b770                mbedtls_ecp_gen_keypair
 .text.mbedtls_ecp_check_pub_priv
                0x000000000800b788       0xb8 B-L475E-IOT01_GenericMQTT/Middlewares/Third_Party/MbedTLS/ecp.o
                0x000000000800b788                mbedtls_ecp_check_pub_priv
 .text.add32    0x000000000800b840       0x18 B-L475E-IOT01_GenericMQTT/Middlewares/Third_Party/MbedTLS/ecp_curves.o
 .text.sub32    0x000000000800b858       0x16 B-L475E-IOT01_GenericMQTT/Middlewares/Third_Party/MbedTLS/ecp_curves.o
 .text.fix_negative.isra.0
                0x000000000800b86e       0x28 B-L475E-IOT01_GenericMQTT/Middlewares/Third_Party/MbedTLS/ecp_curves.o
 .text.ecp_mod_p384
                0x000000000800b896      0x5fc B-L475E-IOT01_GenericMQTT/Middlewares/Third_Party/MbedTLS/ecp_curves.o
 .text.ecp_mod_p256
                0x000000000800be92      0x4aa B-L475E-IOT01_GenericMQTT/Middlewares/Third_Party/MbedTLS/ecp_curves.o
 .text.ecp_mod_p256k1
                0x000000000800c33c       0xe8 B-L475E-IOT01_GenericMQTT/Middlewares/Third_Party/MbedTLS/ecp_curves.o
 .text.mbedtls_ecp_group_load
                0x000000000800c424      0x1d0 B-L475E-IOT01_GenericMQTT/Middlewares/Third_Party/MbedTLS/ecp_curves.o
                0x000000000800c424                mbedtls_ecp_group_load
 .text.entropy_update
                0x000000000800c5f4       0x42 B-L475E-IOT01_GenericMQTT/Middlewares/Third_Party/MbedTLS/entropy.o
 .text.entropy_gather_internal.part.0
                0x000000000800c636       0x68 B-L475E-IOT01_GenericMQTT/Middlewares/Third_Party/MbedTLS/entropy.o
 *fill*         0x000000000800c69e        0x2 
 .text.mbedtls_entropy_init
                0x000000000800c6a0       0x48 B-L475E-IOT01_GenericMQTT/Middlewares/Third_Party/MbedTLS/entropy.o
                0x000000000800c6a0                mbedtls_entropy_init
 .text.mbedtls_entropy_free
                0x000000000800c6e8       0x12 B-L475E-IOT01_GenericMQTT/Middlewares/Third_Party/MbedTLS/entropy.o
                0x000000000800c6e8                mbedtls_entropy_free
 .text.mbedtls_entropy_add_source
                0x000000000800c6fa       0x2e B-L475E-IOT01_GenericMQTT/Middlewares/Third_Party/MbedTLS/entropy.o
                0x000000000800c6fa                mbedtls_entropy_add_source
 .text.mbedtls_entropy_func
                0x000000000800c728       0xc4 B-L475E-IOT01_GenericMQTT/Middlewares/Third_Party/MbedTLS/entropy.o
                0x000000000800c728                mbedtls_entropy_func
 .text.gcm_mult
                0x000000000800c7ec      0x174 B-L475E-IOT01_GenericMQTT/Middlewares/Third_Party/MbedTLS/gcm.o
 .text.mbedtls_gcm_init
                0x000000000800c960        0xa B-L475E-IOT01_GenericMQTT/Middlewares/Third_Party/MbedTLS/gcm.o